Component: ARM Compiler 5.05 update 1 (build 106) Tool: armlink [4d0efa]

==============================================================================

Section Cross References

    main.o(i.main) refers to ano_init.o(i.sys_init) for sys_init
    main.o(i.main) refers to loop.o(i.main_loop) for main_loop
    loop.o(i.Duty_20ms) refers to ano_drv_led.o(i.LED_Dyty) for LED_Dyty
    loop.o(i.Duty_2ms) refers to ano_data_transfer.o(i.ANO_DT_Data_Exchange) for ANO_DT_Data_Exchange
    loop.o(i.Duty_2ms) refers to bsp_systick.o(i.GetSysTime_us) for GetSysTime_us
    loop.o(i.Duty_2ms) refers to ano_drv_mpu6050.o(i.MPU6050_Data_Prepare) for MPU6050_Data_Prepare
    loop.o(i.Duty_2ms) refers to ano_rc.o(i.RC_duty) for RC_duty
    loop.o(i.Duty_2ms) refers to fflti.o(.text) for __aeabi_i2f
    loop.o(i.Duty_2ms) refers to ano_ctrl.o(i.CTRL_Duty) for CTRL_Duty
    loop.o(i.Duty_2ms) refers to loop.o(.bss) for test_time
    loop.o(i.Duty_2ms) refers to ano_rc.o(.bss) for CH_N
    loop.o(i.Duty_50ms) refers to ano_param.o(i.PID_Save_Overtime) for PID_Save_Overtime
    loop.o(i.Duty_6ms) refers to bsp_systick.o(i.GetSysTime_us) for GetSysTime_us
    loop.o(i.Duty_6ms) refers to ano_imu.o(i.IMU_update) for IMU_update
    loop.o(i.Duty_6ms) refers to loop.o(.bss) for test_time
    loop.o(i.Duty_6ms) refers to ano_imu.o(.data) for imu_data
    loop.o(i.Duty_6ms) refers to ano_drv_mpu6050.o(.bss) for sensor
    loop.o(i.Loop_check) refers to ano_drv_led.o(i.LED_1ms_DRV) for LED_1ms_DRV
    loop.o(i.Loop_check) refers to loop.o(.bss) for loop
    loop.o(i.main_loop) refers to loop.o(i.Duty_2ms) for Duty_2ms
    loop.o(i.main_loop) refers to loop.o(i.Duty_6ms) for Duty_6ms
    loop.o(i.main_loop) refers to loop.o(i.Duty_10ms) for Duty_10ms
    loop.o(i.main_loop) refers to loop.o(i.Duty_20ms) for Duty_20ms
    loop.o(i.main_loop) refers to loop.o(i.Duty_50ms) for Duty_50ms
    loop.o(i.main_loop) refers to ano_drv_nrf24l01.o(i.ANO_NRF_Check_Event) for ANO_NRF_Check_Event
    loop.o(i.main_loop) refers to ano_drv_hid.o(i.Usb_Hid_Receive) for Usb_Hid_Receive
    loop.o(i.main_loop) refers to loop.o(.bss) for loop
    ano_ctrl.o(i.CTRL_0) refers to ano_pid.o(i.PID_calculate) for PID_calculate
    ano_ctrl.o(i.CTRL_0) refers to ano_ctrl.o(.bss) for val_0_hs
    ano_ctrl.o(i.CTRL_0_PID_Init) refers to fflti.o(.text) for __aeabi_i2f
    ano_ctrl.o(i.CTRL_0_PID_Init) refers to fmul.o(.text) for __aeabi_fmul
    ano_ctrl.o(i.CTRL_0_PID_Init) refers to ano_param.o(.bss) for ANO_Param
    ano_ctrl.o(i.CTRL_0_PID_Init) refers to ano_ctrl.o(.bss) for arg_0_hs
    ano_ctrl.o(i.CTRL_1) refers to fmul.o(.text) for __aeabi_fmul
    ano_ctrl.o(i.CTRL_1) refers to ano_pid.o(i.PID_calculate) for PID_calculate
    ano_ctrl.o(i.CTRL_1) refers to ano_ctrl.o(.bss) for val_1_rol
    ano_ctrl.o(i.CTRL_1_PID_Init) refers to fflti.o(.text) for __aeabi_i2f
    ano_ctrl.o(i.CTRL_1_PID_Init) refers to fmul.o(.text) for __aeabi_fmul
    ano_ctrl.o(i.CTRL_1_PID_Init) refers to ano_param.o(.bss) for ANO_Param
    ano_ctrl.o(i.CTRL_1_PID_Init) refers to ano_ctrl.o(.bss) for arg_1_rol
    ano_ctrl.o(i.CTRL_2) refers to fmul.o(.text) for __aeabi_fmul
    ano_ctrl.o(i.CTRL_2) refers to ano_pid.o(i.PID_calculate) for PID_calculate
    ano_ctrl.o(i.CTRL_2) refers to ano_ctrl.o(.bss) for val_2_rol
    ano_ctrl.o(i.CTRL_2_PID_Init) refers to fflti.o(.text) for __aeabi_i2f
    ano_ctrl.o(i.CTRL_2_PID_Init) refers to fmul.o(.text) for __aeabi_fmul
    ano_ctrl.o(i.CTRL_2_PID_Init) refers to ano_param.o(.bss) for ANO_Param
    ano_ctrl.o(i.CTRL_2_PID_Init) refers to ano_ctrl.o(.bss) for arg_2_rol
    ano_ctrl.o(i.CTRL_Duty) refers to fflti.o(.text) for __aeabi_i2f
    ano_ctrl.o(i.CTRL_Duty) refers to cfcmple.o(.text) for __aeabi_cfcmple
    ano_ctrl.o(i.CTRL_Duty) refers to fadd.o(.text) for __aeabi_fadd
    ano_ctrl.o(i.CTRL_Duty) refers to bsp_systick.o(i.GetSysTime_us) for GetSysTime_us
    ano_ctrl.o(i.CTRL_Duty) refers to ffltui.o(.text) for __aeabi_ui2f
    ano_ctrl.o(i.CTRL_Duty) refers to fmul.o(.text) for __aeabi_fmul
    ano_ctrl.o(i.CTRL_Duty) refers to ano_ctrl.o(i.CTRL_2) for CTRL_2
    ano_ctrl.o(i.CTRL_Duty) refers to cfrcmple.o(.text) for __aeabi_cfrcmple
    ano_ctrl.o(i.CTRL_Duty) refers to fdiv.o(.text) for __aeabi_fdiv
    ano_ctrl.o(i.CTRL_Duty) refers to mymath.o(i.my_deadzone) for my_deadzone
    ano_ctrl.o(i.CTRL_Duty) refers to ano_ctrl.o(i.CTRL_1) for CTRL_1
    ano_ctrl.o(i.CTRL_Duty) refers to ano_data.o(.data) for flag
    ano_ctrl.o(i.CTRL_Duty) refers to ano_ctrl.o(.data) for ctrl_2_cnt
    ano_ctrl.o(i.CTRL_Duty) refers to ano_ctrl.o(.bss) for ctrl_2
    ano_ctrl.o(i.CTRL_Duty) refers to ano_imu.o(.data) for imu_data
    ano_ctrl.o(i.CTRL_Duty) refers to ano_drv_mpu6050.o(.bss) for sensor
    ano_ctrl.o(i.CTRL_Duty) refers to filter.o(i.LPF_1) for LPF_1
    ano_ctrl.o(i.CTRL_Duty) refers to ano_ctrl.o(i.CTRL_0) for CTRL_0
    ano_ctrl.o(i.CTRL_Duty) refers to mymath.o(i.second_degree) for second_degree
[...]
    .data                                    0x200000cc   Section        6  ano_rc.o(.data)
    cnt                                      0x200000d0   Data           2  ano_rc.o(.data)
    .data                                    0x200000d2   Section        4  ano_drv_hid.o(.data)
    notfull_timeout                          0x200000d5   Data           1  ano_drv_hid.o(.data)
    .data                                    0x200000d8   Section       16  ano_drv_led.o(.data)
    led_cnt                                  0x200000e0   Data           2  ano_drv_led.o(.data)
    dir                                      0x200000e2   Data           1  ano_drv_led.o(.data)
    ms_cnt                                   0x200000e4   Data           2  ano_drv_led.o(.data)
    group_n_cnt                              0x200000e6   Data           2  ano_drv_led.o(.data)
    .data                                    0x200000e8   Section       12  ano_drv_mpu6050.o(.data)
    .data                                    0x200000f4   Section       12  ano_drv_nrf24l01.o(.data)
    .data                                    0x20000100   Section        5  ano_drv_uart.o(.data)
    RxState                                  0x20000102   Data           1  ano_drv_uart.o(.data)
    _data_len                                0x20000103   Data           1  ano_drv_uart.o(.data)
    _data_cnt                                0x20000104   Data           1  ano_drv_uart.o(.data)
    .data                                    0x20000105   Section        2  ano_drv_uart3.o(.data)
    .data                                    0x20000108   Section        8  bsp_systick.o(.data)
    .data                                    0x20000110   Section        1  i2c_soft.o(.data)
    .data                                    0x20000114   Section     1028  mymath.o(.data)
    .data                                    0x20000518   Section        8  time.o(.data)
    .data                                    0x20000520   Section       20  system_stm32f10x.o(.data)
    .data                                    0x20000534   Section       20  stm32f10x_rcc.o(.data)
    APBAHBPrescTable                         0x20000534   Data          16  stm32f10x_rcc.o(.data)
    ADCPrescTable                            0x20000544   Data           4  stm32f10x_rcc.o(.data)
    .data                                    0x20000548   Section        3  usb_core.o(.data)
    .data                                    0x2000054c   Section       20  usb_init.o(.data)
    .data                                    0x20000560   Section        4  usb_int.o(.data)
    .data                                    0x20000564   Section       26  usb_desc.o(.data)
    .data                                    0x2000057e   Section        1  usb_endp.o(.data)
    .data                                    0x20000580   Section       60  usb_istr.o(.data)
    .data                                    0x200005bc   Section      156  usb_prop.o(.data)
    .data                                    0x20000658   Section        7  usb_pwr.o(.data)
    .data                                    0x20000660   Section        4  errno.o(.data)
    _errno                                   0x20000660   Data           4  errno.o(.data)
    .bss                                     0x20000664   Section       60  loop.o(.bss)
    .bss                                     0x200006a0   Section      444  ano_ctrl.o(.bss)
    .bss                                     0x2000085c   Section       12  ano_imu.o(.bss)
    .bss                                     0x20000868   Section      160  ano_param.o(.bss)
    .bss                                     0x20000908   Section      119  ano_data_transfer.o(.bss)
    RxBuffer                                 0x2000094d   Data          50  ano_data_transfer.o(.bss)
    .bss                                     0x20000980   Section       32  ano_rc.o(.bss)
    .bss                                     0x200009a0   Section      320  ano_drv_hid.o(.bss)
    .bss                                     0x20000ae0   Section      808  ano_drv_mpu6050.o(.bss)
    .bss                                     0x20000e08   Section      510  ano_drv_nrf24l01.o(.bss)
    .bss                                     0x20001006   Section      512  ano_drv_uart.o(.bss)
    RxBuffer                                 0x20001106   Data         256  ano_drv_uart.o(.bss)
    .bss                                     0x20001206   Section      256  ano_drv_uart3.o(.bss)
    .bss                                     0x20001308   Section       28  usb_init.o(.bss)
    .bss                                     0x20001324   Section       64  usb_endp.o(.bss)
    STACK                                    0x20001368   Section     1024  startup_stm32f10x_md.o(STACK)

    Global Symbols

    Symbol Name                              Value     Ov Type        Size  Object(Section)

    BuildAttributes$$THM_ISAv4$P$D$K$B$S$PE$A:L22UL41UL21$X:L11$S22US41US21$IEEE1$IW$USESV6$~STKCKD$USESV7$~SHL$OTIME$ROPI$IEEEX$EBA8$MICROLIB$REQ8$PRES8$EABIv2 0x00000000   Number         0  anon$$obj.o ABSOLUTE
    __ARM_use_no_argv                        0x00000000   Number         0  main.o ABSOLUTE
    __cpp_initialize__aeabi_                  - Undefined Weak Reference
    __cxa_finalize                            - Undefined Weak Reference
    _clock_init                               - Undefined Weak Reference
    _microlib_exit                            - Undefined Weak Reference
    __Vectors_Size                           0x000000ec   Number         0  startup_stm32f10x_md.o ABSOLUTE
    __Vectors                                0x08000000   Data           4  startup_stm32f10x_md.o(RESET)
    __Vectors_End                            0x080000ec   Data           0  startup_stm32f10x_md.o(RESET)
    __main                                   0x080000ed   Thumb Code     0  entry.o(.ARM.Collect$$$$00000000)
    _main_stk                                0x080000ed   Thumb Code     0  entry2.o(.ARM.Collect$$$$00000001)
    _main_scatterload                        0x080000f1   Thumb Code     0  entry5.o(.ARM.Collect$$$$00000004)
    __main_after_scatterload                 0x080000f5   Thumb Code     0  entry5.o(.ARM.Collect$$$$00000004)
    _main_clock                              0x080000f5   Thumb Code     0  entry7b.o(.ARM.Collect$$$$00000008)
    _main_cpp_init                           0x080000f5   Thumb Code     0  entry8b.o(.ARM.Collect$$$$0000000A)
    _main_init                               0x080000f5   Thumb Code     0  entry9a.o(.ARM.Collect$$$$0000000B)
    __rt_final_cpp                           0x080000fd   Thumb Code     0  entry10a.o(.ARM.Collect$$$$0000000D)
    __rt_final_exit                          0x080000fd   Thumb Code     0  entry11a.o(.ARM.Collect$$$$0000000F)
    Reset_Handler                            0x08000101   Thumb Code     8  startup_stm32f10x_md.o(.text)
    NMI_Handler                              0x08000109   Thumb Code     2  startup_stm32f10x_md.o(.text)
    HardFault_Handler                        0x0800010b   Thumb Code     2  startup_stm32f10x_md.o(.text)
    MemManage_Handler                        0x0800010d   Thumb Code     2  startup_stm32f10x_md.o(.text)
    BusFault_Handler                         0x0800010f   Thumb Code     2  startup_stm32f10x_md.o(.text)
    UsageFault_Handler                       0x08000111   Thumb Code     2  startup_stm32f10x_md.o(.text)
    SVC_Handler                              0x08000113   Thumb Code     2  startup_stm32f10x_md.o(.text)
    DebugMon_Handler                         0x08000115   Thumb Code     2  startup_stm32f10x_md.o(.text)
    PendSV_Handler                           0x08000117   Thumb Code     2  startup_stm32f10x_md.o(.text)
    ADC1_2_IRQHandler                        0x0800011b   Thumb Code     0  startup_stm32f10x_md.o(.text)
    CAN1_RX1_IRQHandler                      0x0800011b   Thumb Code     0  startup_stm32f10x_md.o(.text)
    CAN1_SCE_IRQHandler                      0x0800011b   Thumb Code     0  startup_stm32f10x_md.o(.text)
    DMA1_Channel1_IRQHandler                 0x0800011b   Thumb Code     0  startup_stm32f10x_md.o(.text)
    DMA1_Channel2_IRQHandler                 0x0800011b   Thumb Code     0  startup_stm32f10x_md.o(.text)
    DMA1_Channel3_IRQHandler                 0x0800011b   Thumb Code     0  startup_stm32f10x_md.o(.text)
    DMA1_Channel4_IRQHandler                 0x0800011b   Thumb Code     0  startup_stm32f10x_md.o(.text)
    DMA1_Channel5_IRQHandler                 0x0800011b   Thumb Code     0  startup_stm32f10x_md.o(.text)
    DMA1_Channel6_IRQHandler                 0x0800011b   Thumb Code     0  startup_stm32f10x_md.o(.text)
    DMA1_Channel7_IRQHandler                 0x0800011b   Thumb Code     0  startup_stm32f10x_md.o(.text)
    EXTI0_IRQHandler                         0x0800011b   Thumb Code     0  startup_stm32f10x_md.o(.text)
    EXTI15_10_IRQHandler                     0x0800011b   Thumb Code     0  startup_stm32f10x_md.o(.text)
    EXTI1_IRQHandler                         0x0800011b   Thumb Code     0  startup_stm32f10x_md.o(.text)
    EXTI2_IRQHandler                         0x0800011b   Thumb Code     0  startup_stm32f10x_md.o(.text)
    EXTI3_IRQHandler                         0x0800011b   Thumb Code     0  startup_stm32f10x_md.o(.text)
    EXTI4_IRQHandler                         0x0800011b   Thumb Code     0  startup_stm32f10x_md.o(.text)
    EXTI9_5_IRQHandler                       0x0800011b   Thumb Code     0  startup_stm32f10x_md.o(.text)
    FLASH_IRQHandler                         0x0800011b   Thumb Code     0  startup_stm32f10x_md.o(.text)
    I2C1_ER_IRQHandler                       0x0800011b   Thumb Code     0  startup_stm32f10x_md.o(.text)
    I2C1_EV_IRQHandler                       0x0800011b   Thumb Code     0  startup_stm32f10x_md.o(.text)
    I2C2_ER_IRQHandler                       0x0800011b   Thumb Code     0  startup_stm32f10x_md.o(.text)
    I2C2_EV_IRQHandler                       0x0800011b   Thumb Code     0  startup_stm32f10x_md.o(.text)
    PVD_IRQHandler                           0x0800011b   Thumb Code     0  startup_stm32f10x_md.o(.text)
    RCC_IRQHandler                           0x0800011b   Thumb Code     0  startup_stm32f10x_md.o(.text)
    RTCAlarm_IRQHandler                      0x0800011b   Thumb Code     0  startup_stm32f10x_md.o(.text)
    RTC_IRQHandler                           0x0800011b   Thumb Code     0  startup_stm32f10x_md.o(.text)
    SPI1_IRQHandler                          0x0800011b   Thumb Code     0  startup_stm32f10x_md.o(.text)
    SPI2_IRQHandler                          0x0800011b   Thumb Code     0  startup_stm32f10x_md.o(.text)
    TAMPER_IRQHandler                        0x0800011b   Thumb Code     0  startup_stm32f10x_md.o(.text)
    TIM1_BRK_IRQHandler                      0x0800011b   Thumb Code     0  startup_stm32f10x_md.o(.text)
    TIM1_CC_IRQHandler                       0x0800011b   Thumb Code     0  startup_stm32f10x_md.o(.text)
    TIM1_TRG_COM_IRQHandler                  0x0800011b   Thumb Code     0  startup_stm32f10x_md.o(.text)
    TIM1_UP_IRQHandler                       0x0800011b   Thumb Code     0  startup_stm32f10x_md.o(.text)
    TIM2_IRQHandler                          0x0800011b   Thumb Code     0  startup_stm32f10x_md.o(.text)
    TIM3_IRQHandler                          0x0800011b   Thumb Code     0  startup_stm32f10x_md.o(.text)
    TIM4_IRQHandler                          0x0800011b   Thumb Code     0  startup_stm32f10x_md.o(.text)
    USART2_IRQHandler                        0x0800011b   Thumb Code     0  startup_stm32f10x_md.o(.text)
    USBWakeUp_IRQHandler                     0x0800011b   Thumb Code     0  startup_stm32f10x_md.o(.text)
    WWDG_IRQHandler                          0x0800011b   Thumb Code     0  startup_stm32f10x_md.o(.text)
    __aeabi_fadd                             0x08000125   Thumb Code   164  fadd.o(.text)
    __aeabi_fsub                             0x080001c9   Thumb Code     6  fadd.o(.text)
    __aeabi_frsub                            0x080001cf   Thumb Code     6  fadd.o(.text)
    __aeabi_fmul                             0x080001d5   Thumb Code   100  fmul.o(.text)
    __aeabi_fdiv                             0x08000239   Thumb Code   124  fdiv.o(.text)
    __aeabi_dadd                             0x080002b5   Thumb Code   322  dadd.o(.text)
    __aeabi_dsub                             0x080003f7   Thumb Code     6  dadd.o(.text)
    __aeabi_drsub                            0x080003fd   Thumb Code     6  dadd.o(.text)
    __aeabi_dmul                             0x08000403   Thumb Code   228  dmul.o(.text)
    __aeabi_i2f                              0x080004e7   Thumb Code    18  fflti.o(.text)
    __aeabi_ui2f                             0x080004f9   Thumb Code    10  ffltui.o(.text)
    __aeabi_f2iz                             0x08000503   Thumb Code    50  ffixi.o(.text)
    __aeabi_f2uiz                            0x08000535   Thumb Code    40  ffixui.o(.text)
    __aeabi_f2d                              0x0800055d   Thumb Code    38  f2d.o(.text)
    __aeabi_d2f                              0x08000583   Thumb Code    56  d2f.o(.text)
    __aeabi_cfcmpeq                          0x080005bd   Thumb Code     0  cfcmple.o(.text)
    __aeabi_cfcmple                          0x080005bd   Thumb Code    20  cfcmple.o(.text)
    __aeabi_cfrcmple                         0x080005d1   Thumb Code    20  cfrcmple.o(.text)
    __aeabi_llsl                             0x080005e5   Thumb Code    30  llshl.o(.text)
    _ll_shift_l                              0x080005e5   Thumb Code     0  llshl.o(.text)
    __aeabi_lasr                             0x08000603   Thumb Code    36  llsshr.o(.text)
    _ll_sshift_r                             0x08000603   Thumb Code     0  llsshr.o(.text)
    __I$use$fp                               0x08000627   Thumb Code     0  iusefp.o(.text)
    _float_round                             0x08000627   Thumb Code    18  fepilogue.o(.text)
    _float_epilogue                          0x08000639   Thumb Code    92  fepilogue.o(.text)
    _double_round                            0x08000695   Thumb Code    30  depilogue.o(.text)
    _double_epilogue                         0x080006b3   Thumb Code   156  depilogue.o(.text)
    __aeabi_ddiv                             0x0800074f   Thumb Code   222  ddiv.o(.text)
    __ARM_scalbn                             0x0800082d   Thumb Code    46  dscalb.o(.text)
    scalbn                                   0x0800082d   Thumb Code     0  dscalb.o(.text)
    __scatterload                            0x0800085d   Thumb Code    28  init.o(.text)
    __scatterload_rt2                        0x0800085d   Thumb Code     0  init.o(.text)
    __aeabi_llsr                             0x08000881   Thumb Code    32  llushr.o(.text)
    _ll_ushift_r                             0x08000881   Thumb Code     0  llushr.o(.text)
    _dsqrt                                   0x080008a1   Thumb Code   162  dsqrt.o(.text)
    __decompress                             0x08000943   Thumb Code     0  __dczerorl2.o(.text)
    __decompress1                            0x08000943   Thumb Code    86  __dczerorl2.o(.text)
    ANO_DT_Data_Exchange                     0x08000999   Thumb Code  1148  ano_data_transfer.o(i.ANO_DT_Data_Exchange)
    ANO_DT_Data_Receive_Anl                  0x08000e19   Thumb Code   706  ano_data_transfer.o(i.ANO_DT_Data_Receive_Anl)
    ANO_DT_Data_Receive_Prepare              0x080010f9   Thumb Code   216  ano_data_transfer.o(i.ANO_DT_Data_Receive_Prepare)
    ANO_DT_Send_Data                         0x08001225   Thumb Code    32  ano_data_transfer.o(i.ANO_DT_Send_Data)
    ANO_DT_Send_MotoPWM                      0x08001249   Thumb Code   294  ano_data_transfer.o(i.ANO_DT_Send_MotoPWM)
    ANO_DT_Send_PID                          0x080013b9   Thumb Code   382  ano_data_transfer.o(i.ANO_DT_Send_PID)
    ANO_DT_Send_Power                        0x0800153d   Thumb Code   136  ano_data_transfer.o(i.ANO_DT_Send_Power)
    ANO_DT_Send_RCData                       0x080015c9   Thumb Code   350  ano_data_transfer.o(i.ANO_DT_Send_RCData)
    ANO_DT_Send_Senser                       0x0800172d   Thumb Code   406  ano_data_transfer.o(i.ANO_DT_Send_Senser)
    ANO_DT_Send_Status                       0x080018c9   Thumb Code   316  ano_data_transfer.o(i.ANO_DT_Send_Status)
    ANO_DT_Send_User                         0x08001a0d   Thumb Code   234  ano_data_transfer.o(i.ANO_DT_Send_User)
    ANO_DT_Send_Version                      0x08001b05   Thumb Code   192  ano_data_transfer.o(i.ANO_DT_Send_Version)
    ANO_Flash_Read                           0x08001bc9   Thumb Code    62  ano_drv_flash.o(i.ANO_Flash_Read)
    ANO_Flash_Write                          0x08001c0d   Thumb Code   100  ano_drv_flash.o(i.ANO_Flash_Write)
    ANO_LED_0_OFF                            0x08001c75   Thumb Code    10  ano_drv_led.o(i.ANO_LED_0_OFF)
    ANO_LED_0_ON                             0x08001c85   Thumb Code    10  ano_drv_led.o(i.ANO_LED_0_ON)
    ANO_LED_Init                             0x08001c95   Thumb Code    56  ano_drv_led.o(i.ANO_LED_Init)
    ANO_NRF_Check                            0x08001cd5   Thumb Code    62  ano_drv_nrf24l01.o(i.ANO_NRF_Check)
    ANO_NRF_Check_Event                      0x08001d19   Thumb Code   106  ano_drv_nrf24l01.o(i.ANO_NRF_Check_Event)
    ANO_NRF_Init                             0x08001d8d   Thumb Code   222  ano_drv_nrf24l01.o(i.ANO_NRF_Init)
    ANO_NRF_Read_Buf                         0x08001e75   Thumb Code    52  ano_drv_nrf24l01.o(i.ANO_NRF_Read_Buf)
    ANO_NRF_Read_Reg                         0x08001ea9   Thumb Code    30  ano_drv_nrf24l01.o(i.ANO_NRF_Read_Reg)
    ANO_NRF_TxPacket                         0x08001ec9   Thumb Code    28  ano_drv_nrf24l01.o(i.ANO_NRF_TxPacket)
    ANO_NRF_Write_Buf                        0x08001ee9   Thumb Code    50  ano_drv_nrf24l01.o(i.ANO_NRF_Write_Buf)
    ANO_NRF_Write_Reg                        0x08001f1b   Thumb Code    32  ano_drv_nrf24l01.o(i.ANO_NRF_Write_Reg)
    ANO_Param_Init                           0x08001f3d   Thumb Code   136  ano_param.o(i.ANO_Param_Init)
    ANO_Param_Read                           0x08001fc9   Thumb Code    24  ano_param.o(i.ANO_Param_Read)
    ANO_Param_Save                           0x08001fe5   Thumb Code    16  ano_param.o(i.ANO_Param_Save)
    ANO_SPI_CSN_H                            0x08001ff9   Thumb Code    14  ano_drv_spi.o(i.ANO_SPI_CSN_H)
    ANO_SPI_CSN_L                            0x0800200d   Thumb Code    14  ano_drv_spi.o(i.ANO_SPI_CSN_L)
    ANO_SPI_Init                             0x08002021   Thumb Code   160  ano_drv_spi.o(i.ANO_SPI_Init)
    ANO_SPI_RW                               0x080020c9   Thumb Code    50  ano_drv_spi.o(i.ANO_SPI_RW)
    ANO_UART3_IRQ                            0x08002101   Thumb Code   122  ano_drv_uart3.o(i.ANO_UART3_IRQ)
    ANO_UART3_Init                           0x0800218d   Thumb Code   198  ano_drv_uart3.o(i.ANO_UART3_Init)
    ANO_UART3_Put_Buf                        0x0800225d   Thumb Code    62  ano_drv_uart3.o(i.ANO_UART3_Put_Buf)
    ByteSwap                                 0x080022a9   Thumb Code    12  usb_regs.o(i.ByteSwap)
    CTRL_0                                   0x080022b5   Thumb Code    46  ano_ctrl.o(i.CTRL_0)
    CTRL_0_PID_Init                          0x080022ed   Thumb Code   106  ano_ctrl.o(i.CTRL_0_PID_Init)
    CTRL_1                                   0x08002365   Thumb Code   128  ano_ctrl.o(i.CTRL_1)
    CTRL_1_PID_Init                          0x08002405   Thumb Code   300  ano_ctrl.o(i.CTRL_1_PID_Init)
    CTRL_2                                   0x08002551   Thumb Code   128  ano_ctrl.o(i.CTRL_2)
    CTRL_2_PID_Init                          0x080025ed   Thumb Code   274  ano_ctrl.o(i.CTRL_2_PID_Init)
    CTRL_Duty                                0x08002721   Thumb Code  1518  ano_ctrl.o(i.CTRL_Duty)
    CTR_LP                                   0x08002d65   Thumb Code   774  usb_int.o(i.CTR_LP)
    ClearDTOG_RX                             0x0800308d   Thumb Code    46  usb_regs.o(i.ClearDTOG_RX)
    ClearDTOG_TX                             0x080030c1   Thumb Code    46  usb_regs.o(i.ClearDTOG_TX)
    Clear_Status_Out                         0x080030f5   Thumb Code    28  usb_regs.o(i.Clear_Status_Out)
    CustomHID_Data_Setup                     0x08003115   Thumb Code   108  usb_prop.o(i.CustomHID_Data_Setup)
    CustomHID_GetConfigDescriptor            0x08003191   Thumb Code    14  usb_prop.o(i.CustomHID_GetConfigDescriptor)
    CustomHID_GetDeviceDescriptor            0x080031a5   Thumb Code    14  usb_prop.o(i.CustomHID_GetDeviceDescriptor)
    CustomHID_GetHIDDescriptor               0x080031b9   Thumb Code    14  usb_prop.o(i.CustomHID_GetHIDDescriptor)
    CustomHID_GetProtocolValue               0x080031cd   Thumb Code    20  usb_prop.o(i.CustomHID_GetProtocolValue)
    CustomHID_GetReportDescriptor            0x080031e9   Thumb Code    14  usb_prop.o(i.CustomHID_GetReportDescriptor)
    CustomHID_GetStringDescriptor            0x080031fd   Thumb Code    32  usb_prop.o(i.CustomHID_GetStringDescriptor)
    CustomHID_Get_Interface_Setting          0x08003225   Thumb Code    22  usb_prop.o(i.CustomHID_Get_Interface_Setting)
    CustomHID_NoData_Setup                   0x0800323d   Thumb Code    32  usb_prop.o(i.CustomHID_NoData_Setup)
    CustomHID_Reset                          0x08003261   Thumb Code   176  usb_prop.o(i.CustomHID_Reset)
    CustomHID_SetConfiguration               0x08003321   Thumb Code    16  usb_prop.o(i.CustomHID_SetConfiguration)
    CustomHID_SetDeviceAddress               0x08003339   Thumb Code     8  usb_prop.o(i.CustomHID_SetDeviceAddress)
    CustomHID_SetProtocol                    0x08003345   Thumb Code    14  usb_prop.o(i.CustomHID_SetProtocol)
    CustomHID_Status_In                      0x0800335d   Thumb Code     2  usb_prop.o(i.CustomHID_Status_In)
    CustomHID_Status_Out                     0x0800335f   Thumb Code     2  usb_prop.o(i.CustomHID_Status_Out)
    CustomHID_init                           0x08003361   Thumb Code    50  usb_prop.o(i.CustomHID_init)
    Delay                                    0x080037b9   Thumb Code    18  bsp_systick.o(i.Delay)
    Delay_ms                                 0x080037cb   Thumb Code    26  bsp_systick.o(i.Delay_ms)
    Delay_us                                 0x080037e5   Thumb Code    24  bsp_systick.o(i.Delay_us)
    Duty_10ms                                0x080037fd   Thumb Code     2  loop.o(i.Duty_10ms)
    Duty_20ms                                0x08003801   Thumb Code    10  loop.o(i.Duty_20ms)
    Duty_2ms                                 0x08003811   Thumb Code   110  loop.o(i.Duty_2ms)
    Duty_50ms                                0x0800388d   Thumb Code    14  loop.o(i.Duty_50ms)
    Duty_6ms                                 0x0800389d   Thumb Code    46  loop.o(i.Duty_6ms)
    EP1_OUT_Callback                         0x080038dd   Thumb Code    28  usb_endp.o(i.EP1_OUT_Callback)
    EP2_IN_Callback                          0x08003901   Thumb Code    20  usb_endp.o(i.EP2_IN_Callback)
    Enter_LowPowerMode                       0x08003919   Thumb Code     8  usb_config.o(i.Enter_LowPowerMode)
    FLASH_ErasePage                          0x08003925   Thumb Code    72  stm32f10x_flash.o(i.FLASH_ErasePage)
    FLASH_GetBank1Status                     0x08003971   Thumb Code    48  stm32f10x_flash.o(i.FLASH_GetBank1Status)
    FLASH_ProgramHalfWord                    0x080039a5   Thumb Code    60  stm32f10x_flash.o(i.FLASH_ProgramHalfWord)
    FLASH_Unlock                             0x080039e5   Thumb Code    12  stm32f10x_flash.o(i.FLASH_Unlock)
    FLASH_WaitForLastOperation               0x080039fd   Thumb Code    38  stm32f10x_flash.o(i.FLASH_WaitForLastOperation)
    GPIO_Init                                0x08003a23   Thumb Code   278  stm32f10x_gpio.o(i.GPIO_Init)
    GPIO_PinRemapConfig                      0x08003b39   Thumb Code   138  stm32f10x_gpio.o(i.GPIO_PinRemapConfig)
    GPIO_ResetBits                           0x08003bc9   Thumb Code     4  stm32f10x_gpio.o(i.GPIO_ResetBits)
    GPIO_SetBits                             0x08003bcd   Thumb Code     4  stm32f10x_gpio.o(i.GPIO_SetBits)
    GPIO_StructInit                          0x08003bd1   Thumb Code    16  stm32f10x_gpio.o(i.GPIO_StructInit)
    GetEPRxAddr                              0x08003be1   Thumb Code    24  usb_regs.o(i.GetEPRxAddr)
    GetEPTxAddr                              0x08003c01   Thumb Code    22  usb_regs.o(i.GetEPTxAddr)
    GetSysTime_us                            0x08003c21   Thumb Code    58  bsp_systick.o(i.GetSysTime_us)
    Get_SerialNum                            0x08003c65   Thumb Code    62  usb_config.o(i.Get_SerialNum)
    I2c_Soft_Ask                             0x08003cad   Thumb Code    46  i2c_soft.o(i.I2c_Soft_Ask)
    I2c_Soft_Init                            0x08003ce1   Thumb Code    64  i2c_soft.o(i.I2c_Soft_Init)
    I2c_Soft_NoAsk                           0x08003d25   Thumb Code    48  i2c_soft.o(i.I2c_Soft_NoAsk)
    I2c_Soft_ReadByte                        0x08003d59   Thumb Code    92  i2c_soft.o(i.I2c_Soft_ReadByte)
    I2c_Soft_SendByte                        0x08003db9   Thumb Code    76  i2c_soft.o(i.I2c_Soft_SendByte)
    I2c_Soft_Start                           0x08003e09   Thumb Code    84  i2c_soft.o(i.I2c_Soft_Start)
    I2c_Soft_Stop                            0x08003e61   Thumb Code    48  i2c_soft.o(i.I2c_Soft_Stop)
    I2c_Soft_WaitAsk                         0x08003e95   Thumb Code    80  i2c_soft.o(i.I2c_Soft_WaitAsk)
    I2c_Soft_delay                           0x08003ee9   Thumb Code    10  i2c_soft.o(i.I2c_Soft_delay)
    IIC_Read_nByte                           0x08003ef5   Thumb Code   112  i2c_soft.o(i.IIC_Read_nByte)
    IIC_Write_1Byte                          0x08003f69   Thumb Code    62  i2c_soft.o(i.IIC_Write_1Byte)
    IICwriteBit                              0x08003fa7   Thumb Code    66  ano_drv_mpu6050.o(i.IICwriteBit)
    IICwriteBits                             0x08003fe9   Thumb Code   102  ano_drv_mpu6050.o(i.IICwriteBits)
    IMU_update                               0x08004051   Thumb Code  1920  ano_imu.o(i.IMU_update)
    In0_Process                              0x080047e9   Thumb Code    98  usb_core.o(i.In0_Process)
    LED_1ms_DRV                              0x08004859   Thumb Code    62  ano_drv_led.o(i.LED_1ms_DRV)
    LED_Dyty                                 0x080048a5   Thumb Code    42  ano_drv_led.o(i.LED_Dyty)
    LPF_1                                    0x080048d5   Thumb Code    94  filter.o(i.LPF_1)
    Leave_LowPowerMode                       0x08004939   Thumb Code    22  usb_config.o(i.Leave_LowPowerMode)
    Loop_check                               0x08004959   Thumb Code    96  loop.o(i.Loop_check)
    MPU6050_Data_Offset                      0x080049bd   Thumb Code   452  ano_drv_mpu6050.o(i.MPU6050_Data_Offset)
    MPU6050_Data_Prepare                     0x08004b9d   Thumb Code   844  ano_drv_mpu6050.o(i.MPU6050_Data_Prepare)
    MPU6050_INT_Config                       0x08004f39   Thumb Code     2  ano_drv_mpu6050.o(i.MPU6050_INT_Config)
    MPU6050_Init                             0x08004f3d   Thumb Code   240  ano_drv_mpu6050.o(i.MPU6050_Init)
    MPU6050_Read                             0x08005031   Thumb Code    16  ano_drv_mpu6050.o(i.MPU6050_Read)
    MPU6050_setClockSource                   0x08005045   Thumb Code    20  ano_drv_mpu6050.o(i.MPU6050_setClockSource)
    MPU6050_setDLPF                          0x08005059   Thumb Code    20  ano_drv_mpu6050.o(i.MPU6050_setDLPF)
    MPU6050_setFullScaleAccelRange           0x0800506d   Thumb Code    36  ano_drv_mpu6050.o(i.MPU6050_setFullScaleAccelRange)
    MPU6050_setFullScaleGyroRange            0x08005091   Thumb Code    36  ano_drv_mpu6050.o(i.MPU6050_setFullScaleGyroRange)
    MPU6050_setI2CBypassEnabled              0x080050b5   Thumb Code    18  ano_drv_mpu6050.o(i.MPU6050_setI2CBypassEnabled)
    MPU6050_setI2CMasterModeEnabled          0x080050c7   Thumb Code    18  ano_drv_mpu6050.o(i.MPU6050_setI2CMasterModeEnabled)
    MPU6050_setSleepEnabled                  0x080050d9   Thumb Code    18  ano_drv_mpu6050.o(i.MPU6050_setSleepEnabled)
    MPU6050_set_SMPLRT_DIV                   0x080050eb   Thumb Code    28  ano_drv_mpu6050.o(i.MPU6050_set_SMPLRT_DIV)
    NOP_Process                              0x08005107   Thumb Code     2  usb_core.o(i.NOP_Process)
    NVIC_Init                                0x08005109   Thumb Code   100  misc.o(i.NVIC_Init)
    NVIC_PriorityGroupConfig                 0x08005179   Thumb Code    10  misc.o(i.NVIC_PriorityGroupConfig)
    Out0_Process                             0x080052d1   Thumb Code    70  usb_core.o(i.Out0_Process)
    PID_Save_Overtime                        0x08005321   Thumb Code    46  ano_param.o(i.PID_Save_Overtime)
    PID_calculate                            0x08005355   Thumb Code   314  ano_pid.o(i.PID_calculate)
    PMAToUserBufferCopy                      0x08005495   Thumb Code    34  usb_mem.o(i.PMAToUserBufferCopy)
    Post0_Process                            0x080054bd   Thumb Code    54  usb_core.o(i.Post0_Process)
    PowerOn                                  0x08005505   Thumb Code    54  usb_pwr.o(i.PowerOn)
    RCC_APB1PeriphClockCmd                   0x08005545   Thumb Code    26  stm32f10x_rcc.o(i.RCC_APB1PeriphClockCmd)
    RCC_APB2PeriphClockCmd                   0x08005565   Thumb Code    26  stm32f10x_rcc.o(i.RCC_APB2PeriphClockCmd)
    RCC_GetClocksFreq                        0x08005585   Thumb Code   192  stm32f10x_rcc.o(i.RCC_GetClocksFreq)
    RCC_USBCLKConfig                         0x08005659   Thumb Code     6  stm32f10x_rcc.o(i.RCC_USBCLKConfig)
    RC_duty                                  0x08005665   Thumb Code    44  ano_rc.o(i.RC_duty)
    Resume                                   0x08005699   Thumb Code   168  usb_pwr.o(i.Resume)
    Resume_Init                              0x08005749   Thumb Code    30  usb_pwr.o(i.Resume_Init)
    SPI_Cmd                                  0x0800576d   Thumb Code    24  stm32f10x_spi.o(i.SPI_Cmd)
    SPI_I2S_GetFlagStatus                    0x08005785   Thumb Code    18  stm32f10x_spi.o(i.SPI_I2S_GetFlagStatus)
    SPI_I2S_ReceiveData                      0x08005797   Thumb Code     6  stm32f10x_spi.o(i.SPI_I2S_ReceiveData)
    SPI_I2S_SendData                         0x0800579d   Thumb Code     4  stm32f10x_spi.o(i.SPI_I2S_SendData)
    SPI_Init                                 0x080057a1   Thumb Code    60  stm32f10x_spi.o(i.SPI_Init)
    SetBTABLE                                0x080057dd   Thumb Code    12  usb_regs.o(i.SetBTABLE)
    SetDeviceAddress                         0x080057ed   Thumb Code    62  usb_core.o(i.SetDeviceAddress)
    SetEPRxAddr                              0x08005839   Thumb Code    26  usb_regs.o(i.SetEPRxAddr)
    SetEPRxCount                             0x0800585d   Thumb Code    68  usb_regs.o(i.SetEPRxCount)
    SetEPRxStatus                            0x080058a9   Thumb Code    52  usb_regs.o(i.SetEPRxStatus)
    SetEPRxValid                             0x080058e1   Thumb Code    38  usb_regs.o(i.SetEPRxValid)
    SetEPTxAddr                              0x0800590d   Thumb Code    24  usb_regs.o(i.SetEPTxAddr)
    SetEPTxCount                             0x0800592d   Thumb Code    20  usb_regs.o(i.SetEPTxCount)
    SetEPTxStatus                            0x08005949   Thumb Code    52  usb_regs.o(i.SetEPTxStatus)
    SetEPTxValid                             0x08005981   Thumb Code    38  usb_regs.o(i.SetEPTxValid)
    SetEPType                                0x080059ad   Thumb Code    32  usb_regs.o(i.SetEPType)
    Set_USBClock                             0x08005ab9   Thumb Code    18  usb_config.o(i.Set_USBClock)
    Setup0_Process                           0x08005acd   Thumb Code   162  usb_core.o(i.Setup0_Process)
    Standard_ClearFeature                    0x08005b7d   Thumb Code   326  usb_core.o(i.Standard_ClearFeature)
    Standard_GetConfiguration                0x08005cd9   Thumb Code    34  usb_core.o(i.Standard_GetConfiguration)
    Standard_GetDescriptorData               0x08005d05   Thumb Code    32  usb_core.o(i.Standard_GetDescriptorData)
    Standard_GetInterface                    0x08005d29   Thumb Code    34  usb_core.o(i.Standard_GetInterface)
    Standard_GetStatus                       0x08005d55   Thumb Code   224  usb_core.o(i.Standard_GetStatus)
    Standard_SetConfiguration                0x08005e45   Thumb Code    60  usb_core.o(i.Standard_SetConfiguration)
    Standard_SetDeviceFeature                0x08005e8d   Thumb Code    30  usb_core.o(i.Standard_SetDeviceFeature)
    Standard_SetEndPointFeature              0x08005eb5   Thumb Code   176  usb_core.o(i.Standard_SetEndPointFeature)
    Standard_SetInterface                    0x08005f75   Thumb Code    96  usb_core.o(i.Standard_SetInterface)
    Suspend                                  0x08005fe1   Thumb Code    34  usb_pwr.o(i.Suspend)
    SysTick_Handler                          0x08006009   Thumb Code     8  stm32f10x_it.o(i.SysTick_Handler)
    SysTick_IRQ                              0x08006011   Thumb Code    22  bsp_systick.o(i.SysTick_IRQ)
    SystemInit                               0x0800602d   Thumb Code    78  system_stm32f10x.o(i.SystemInit)
    TIM_ARRPreloadConfig                     0x0800608d   Thumb Code    24  stm32f10x_tim.o(i.TIM_ARRPreloadConfig)
    TIM_Cmd                                  0x080060a5   Thumb Code    24  stm32f10x_tim.o(i.TIM_Cmd)
    TIM_OC1Init                              0x080060bd   Thumb Code   132  stm32f10x_tim.o(i.TIM_OC1Init)
    TIM_OC1PreloadConfig                     0x08006155   Thumb Code    18  stm32f10x_tim.o(i.TIM_OC1PreloadConfig)
    TIM_OC2Init                              0x08006169   Thumb Code   154  stm32f10x_tim.o(i.TIM_OC2Init)
    TIM_OC2PreloadConfig                     0x0800620d   Thumb Code    26  stm32f10x_tim.o(i.TIM_OC2PreloadConfig)
    TIM_OC3Init                              0x08006229   Thumb Code   150  stm32f10x_tim.o(i.TIM_OC3Init)
    TIM_OC3PreloadConfig                     0x080062c9   Thumb Code    18  stm32f10x_tim.o(i.TIM_OC3PreloadConfig)
    TIM_OC4Init                              0x080062dd   Thumb Code   114  stm32f10x_tim.o(i.TIM_OC4Init)
    TIM_OC4PreloadConfig                     0x08006359   Thumb Code    26  stm32f10x_tim.o(i.TIM_OC4PreloadConfig)
    TIM_OCStructInit                         0x08006373   Thumb Code    20  stm32f10x_tim.o(i.TIM_OCStructInit)
    TIM_TimeBaseInit                         0x08006389   Thumb Code   122  stm32f10x_tim.o(i.TIM_TimeBaseInit)
    TIM_TimeBaseStructInit                   0x0800642d   Thumb Code    18  stm32f10x_tim.o(i.TIM_TimeBaseStructInit)
    USART1_IRQHandler                        0x0800643f   Thumb Code     8  stm32f10x_it.o(i.USART1_IRQHandler)
    USART3_IRQHandler                        0x08006447   Thumb Code     8  stm32f10x_it.o(i.USART3_IRQHandler)
    USART_ClockInit                          0x0800644f   Thumb Code    34  stm32f10x_usart.o(i.USART_ClockInit)
    USART_Cmd                                0x08006471   Thumb Code    24  stm32f10x_usart.o(i.USART_Cmd)
    USART_GetFlagStatus                      0x08006489   Thumb Code    26  stm32f10x_usart.o(i.USART_GetFlagStatus)
    USART_ITConfig                           0x080064a3   Thumb Code    74  stm32f10x_usart.o(i.USART_ITConfig)
    USART_Init                               0x080064ed   Thumb Code   210  stm32f10x_usart.o(i.USART_Init)
    USART_ReceiveData                        0x080065c5   Thumb Code    10  stm32f10x_usart.o(i.USART_ReceiveData)
    USB_Cable_Config                         0x080065cf   Thumb Code     2  usb_config.o(i.USB_Cable_Config)
    USB_Connect                              0x080065d1   Thumb Code    78  usb_config.o(i.USB_Connect)
    USB_GPIO_Configuration                   0x08006629   Thumb Code     2  usb_config.o(i.USB_GPIO_Configuration)
    USB_HID_Init                             0x0800662d   Thumb Code    42  ano_drv_hid.o(i.USB_HID_Init)
    USB_HP_CAN1_TX_IRQHandler                0x0800665d   Thumb Code     2  stm32f10x_it.o(i.USB_HP_CAN1_TX_IRQHandler)
    USB_Init                                 0x08006661   Thumb Code    36  usb_init.o(i.USB_Init)
    USB_Interrupts_Config                    0x0800669d   Thumb Code    34  usb_config.o(i.USB_Interrupts_Config)
    USB_Istr                                 0x080066c1   Thumb Code   222  usb_istr.o(i.USB_Istr)
    USB_LP_CAN1_RX0_IRQHandler               0x080067b9   Thumb Code     8  stm32f10x_it.o(i.USB_LP_CAN1_RX0_IRQHandler)
    Uart1_IRQ                                0x080067c1   Thumb Code   324  ano_drv_uart.o(i.Uart1_IRQ)
    Usb_Hid_Adddata                          0x08006925   Thumb Code    36  ano_drv_hid.o(i.Usb_Hid_Adddata)
    Usb_Hid_Receive                          0x08006951   Thumb Code    44  ano_drv_hid.o(i.Usb_Hid_Receive)
    Usb_Hid_Send                             0x08006985   Thumb Code   438  ano_drv_hid.o(i.Usb_Hid_Send)
    UserToPMABufferCopy                      0x08006b55   Thumb Code    52  usb_mem.o(i.UserToPMABufferCopy)
    __ARM_fpclassify                         0x08006b8d   Thumb Code    40  fpclassify.o(i.__ARM_fpclassify)
    __kernel_poly                            0x08006bb5   Thumb Code   170  poly.o(i.__kernel_poly)
    __mathlib_dbl_infnan                     0x08006c5f   Thumb Code     6  dunder.o(i.__mathlib_dbl_infnan)
    __mathlib_dbl_invalid                    0x08006c65   Thumb Code    12  dunder.o(i.__mathlib_dbl_invalid)
    __mathlib_dbl_underflow                  0x08006c71   Thumb Code    10  dunder.o(i.__mathlib_dbl_underflow)
    __scatterload_copy                       0x08006c81   Thumb Code    14  handlers.o(i.__scatterload_copy)
    __scatterload_null                       0x08006c8f   Thumb Code     2  handlers.o(i.__scatterload_null)
    __scatterload_zeroinit                   0x08006c91   Thumb Code    14  handlers.o(i.__scatterload_zeroinit)
    __set_errno                              0x08006ca1   Thumb Code     6  errno.o(i.__set_errno)
    asin                                     0x08006cad   Thumb Code   572  asin.o(i.asin)
    cycleCounterInit                         0x08006f1d   Thumb Code    26  bsp_systick.o(i.cycleCounterInit)
    fail_safe                                0x08006f41   Thumb Code    32  ano_rc.o(i.fail_safe)
    fail_safe_check                          0x08006f65   Thumb Code    48  ano_rc.o(i.fail_safe_check)
    fast_atan2                               0x08006f9d   Thumb Code   344  mymath.o(i.fast_atan2)
    led_breath                               0x08007109   Thumb Code   190  ano_drv_led.o(i.led_breath)
    led_flash                                0x080071dd   Thumb Code   150  ano_drv_led.o(i.led_flash)
    limit_filter                             0x08007289   Thumb Code    88  filter.o(i.limit_filter)
    main                                     0x080072e1   Thumb Code    12  main.o(i.main)
    main_loop                                0x080072ed   Thumb Code   126  loop.o(i.main_loop)
    motor_ctrl                               0x08007371   Thumb Code   200  ano_ctrl.o(i.motor_ctrl)
    motor_out                                0x08007445   Thumb Code    72  ano_motor.o(i.motor_out)
    mpu_type                                 0x08007491   Thumb Code   100  ano_drv_mpu6050.o(i.mpu_type)
    my_abs                                   0x08007501   Thumb Code    24  mymath.o(i.my_abs)
    my_deadzone                              0x08007519   Thumb Code    72  mymath.o(i.my_deadzone)
    my_sqrt                                  0x08007561   Thumb Code   114  mymath.o(i.my_sqrt)
    pid_init                                 0x080075d9   Thumb Code    16  ano_ctrl.o(i.pid_init)
    pwm_out_init                             0x080075e9   Thumb Code   226  ano_motor.o(i.pwm_out_init)
    safe_div                                 0x080076d9   Thumb Code    30  mymath.o(i.safe_div)
    second_degree                            0x080076f7   Thumb Code   112  mymath.o(i.second_degree)
    sensor_dir                               0x08007767   Thumb Code    72  ano_drv_mpu6050.o(i.sensor_dir)
    sqrt                                     0x080077af   Thumb Code    76  sqrt.o(i.sqrt)
    steepest_descend                         0x080077fb   Thumb Code   400  filter.o(i.steepest_descend)
    sys_init                                 0x0800798d   Thumb Code   170  ano_init.o(i.sys_init)
    sys_time                                 0x08007a4d   Thumb Code   126  time.o(i.sys_time)
    unlock                                   0x08007add   Thumb Code   204  ano_rc.o(i.unlock)
    CustomHID_DeviceDescriptor               0x08007bb8   Data          18  usb_desc.o(.constdata)
    CustomHID_ConfigDescriptor               0x08007bca   Data          41  usb_desc.o(.constdata)
    CustomHID_ReportDescriptor               0x08007bf3   Data          33  usb_desc.o(.constdata)
    CustomHID_StringLangID                   0x08007c14   Data           4  usb_desc.o(.constdata)
    CustomHID_StringVendor                   0x08007c18   Data          20  usb_desc.o(.constdata)
    CustomHID_StringProduct                  0x08007c2c   Data          18  usb_desc.o(.constdata)
    Region$$Table$$Base                      0x08007c90   Number         0  anon$$obj.o(Region$$Table)
    Region$$Table$$Limit                     0x08007cb0   Number         0  anon$$obj.o(Region$$Table)
    ctrl_2_time                              0x20000000   Data           4  ano_ctrl.o(.data)
    ctrl_1_time                              0x20000004   Data           4  ano_ctrl.o(.data)
    ctrl_0_time                              0x20000008   Data           4  ano_ctrl.o(.data)
    thr                                      0x2000000c   Data           4  ano_ctrl.o(.data)
    thr_value                                0x20000010   Data           4  ano_ctrl.o(.data)
    exp_hspeed                               0x20000014   Data           4  ano_ctrl.o(.data)
    exp_hspeed_lpf                           0x20000018   Data           4  ano_ctrl.o(.data)
    out_rol_curve                            0x2000001c   Data           4  ano_ctrl.o(.data)
    out_pit_curve                            0x20000020   Data           4  ano_ctrl.o(.data)
    out_yaw_curve                            0x20000024   Data           4  ano_ctrl.o(.data)
    est_rol                                  0x20000028   Data           4  ano_ctrl.o(.data)
    est_pit                                  0x2000002c   Data           4  ano_ctrl.o(.data)
    est_yaw                                  0x20000030   Data           4  ano_ctrl.o(.data)
    motor                                    0x20000034   Data           8  ano_ctrl.o(.data)
    NRF_ENABLE                               0x2000003d   Data           1  ano_init.o(.data)
    flag                                     0x20000040   Data           3  ano_data.o(.data)
    gf                                       0x20000044   Data           8  ano_data.o(.data)
    imu_data                                 0x2000004c   Data          88  ano_imu.o(.data)
    err_lf_x                                 0x200000a4   Data           8  ano_imu.o(.data)
    err_lf_y                                 0x200000ac   Data           8  ano_imu.o(.data)
    err_lf_z                                 0x200000b4   Data           8  ano_imu.o(.data)
    save_pid_en                              0x200000bc   Data           2  ano_param.o(.data)
    fly_ready                                0x200000cc   Data           1  ano_rc.o(.data)
    fly_ready_cnt                            0x200000ce   Data           2  ano_rc.o(.data)
    HID_SEND_TIMEOUT                         0x200000d2   Data           1  ano_drv_hid.o(.data)
    hid_datatemp_begin                       0x200000d3   Data           1  ano_drv_hid.o(.data)
    hid_datatemp_end                         0x200000d4   Data           1  ano_drv_hid.o(.data)
    led_accuracy                             0x200000d8   Data           2  ano_drv_led.o(.data)
    on_time                                  0x200000dc   Data           4  ano_drv_led.o(.data)
    mpu6050_ok                               0x200000e8   Data           1  ano_drv_mpu6050.o(.data)
    MPU_ID                                   0x200000e9   Data           5  ano_drv_mpu6050.o(.data)
    acc_sum_cnt                              0x200000ee   Data           2  ano_drv_mpu6050.o(.data)
    gyro_sum_cnt                             0x200000f0   Data           2  ano_drv_mpu6050.o(.data)
    acc_3d_step                              0x200000f2   Data           1  ano_drv_mpu6050.o(.data)
    acc_3d_calibrate_f                       0x200000f3   Data           1  ano_drv_mpu6050.o(.data)
    TX_ADDRESS                               0x200000f4   Data           5  ano_drv_nrf24l01.o(.data)
    RX_ADDRESS                               0x200000f9   Data           5  ano_drv_nrf24l01.o(.data)
    NRF_SSI                                  0x200000fe   Data           1  ano_drv_nrf24l01.o(.data)
    NRF_SSI_CNT                              0x200000ff   Data           1  ano_drv_nrf24l01.o(.data)
    TxCounter                                0x20000100   Data           1  ano_drv_uart.o(.data)
    count                                    0x20000101   Data           1  ano_drv_uart.o(.data)
    TxCounter3                               0x20000105   Data           1  ano_drv_uart3.o(.data)
    count3                                   0x20000106   Data           1  ano_drv_uart3.o(.data)
    usTicks                                  0x20000108   Data           4  bsp_systick.o(.data)
    sysTickUptime                            0x2000010c   Data           4  bsp_systick.o(.data)
    mpu_test                                 0x20000110   Data           1  i2c_soft.o(.data)
    fast_atan_table                          0x20000114   Data        1028  mymath.o(.data)
    time_1h                                  0x20000518   Data           2  time.o(.data)
    time_1m                                  0x2000051a   Data           2  time.o(.data)
    time_1s                                  0x2000051c   Data           2  time.o(.data)
    time_1ms                                 0x2000051e   Data           2  time.o(.data)
    SystemCoreClock                          0x20000520   Data           4  system_stm32f10x.o(.data)
    AHBPrescTable                            0x20000524   Data          16  system_stm32f10x.o(.data)
    StatusInfo                               0x20000548   Data           2  usb_core.o(.data)
    Data_Mul_MaxPacketSize                   0x2000054a   Data           1  usb_core.o(.data)
    EPindex                                  0x2000054c   Data           1  usb_init.o(.data)
    pInformation                             0x20000550   Data           4  usb_init.o(.data)
    pProperty                                0x20000554   Data           4  usb_init.o(.data)
    SaveState                                0x20000558   Data           2  usb_init.o(.data)
    wInterrupt_Mask                          0x2000055a   Data           2  usb_init.o(.data)
    pUser_Standard_Requests                  0x2000055c   Data           4  usb_init.o(.data)
    SaveRState                               0x20000560   Data           2  usb_int.o(.data)
    SaveTState                               0x20000562   Data           2  usb_int.o(.data)
    CustomHID_StringSerial                   0x20000564   Data          26  usb_desc.o(.data)
    USB_ReceiveFlg                           0x2000057e   Data           1  usb_endp.o(.data)
    wIstr                                    0x20000580   Data           2  usb_istr.o(.data)
    bIntPackSOF                              0x20000582   Data           1  usb_istr.o(.data)
    pEpInt_IN                                0x20000584   Data          28  usb_istr.o(.data)
    pEpInt_OUT                               0x200005a0   Data          28  usb_istr.o(.data)
    ProtocolValue                            0x200005bc   Data           4  usb_prop.o(.data)
    Device_Table                             0x200005c0   Data           2  usb_prop.o(.data)
    Device_Property                          0x200005c4   Data          48  usb_prop.o(.data)
    User_Standard_Requests                   0x200005f4   Data          36  usb_prop.o(.data)
    Device_Descriptor                        0x20000618   Data           8  usb_prop.o(.data)
    Config_Descriptor                        0x20000620   Data           8  usb_prop.o(.data)
    CustomHID_Report_Descriptor              0x20000628   Data           8  usb_prop.o(.data)
    CustomHID_Hid_Descriptor                 0x20000630   Data           8  usb_prop.o(.data)
    String_Descriptor                        0x20000638   Data          32  usb_prop.o(.data)
    bDeviceState                             0x20000658   Data           4  usb_pwr.o(.data)
    fSuspendEnabled                          0x2000065c   Data           1  usb_pwr.o(.data)
    ResumeS                                  0x2000065d   Data           2  usb_pwr.o(.data)
    loop                                     0x20000664   Data          18  loop.o(.bss)
    test_time                                0x20000678   Data          40  loop.o(.bss)
    arg_2_rol                                0x200006a0   Data          20  ano_ctrl.o(.bss)
    arg_2_pit                                0x200006b4   Data          20  ano_ctrl.o(.bss)
    arg_2_yaw                                0x200006c8   Data          20  ano_ctrl.o(.bss)
    arg_1_rol                                0x200006dc   Data          20  ano_ctrl.o(.bss)
    arg_1_pit                                0x200006f0   Data          20  ano_ctrl.o(.bss)
    arg_1_yaw                                0x20000704   Data          20  ano_ctrl.o(.bss)
    arg_0_hs                                 0x20000718   Data          20  ano_ctrl.o(.bss)
    val_2_rol                                0x2000072c   Data          32  ano_ctrl.o(.bss)
    val_2_pit                                0x2000074c   Data          32  ano_ctrl.o(.bss)
    val_2_yaw                                0x2000076c   Data          32  ano_ctrl.o(.bss)
    val_1_rol                                0x2000078c   Data          32  ano_ctrl.o(.bss)
    val_1_pit                                0x200007ac   Data          32  ano_ctrl.o(.bss)
    val_1_yaw                                0x200007cc   Data          32  ano_ctrl.o(.bss)
    val_0_hs                                 0x200007ec   Data          32  ano_ctrl.o(.bss)
    ctrl_1                                   0x2000080c   Data          40  ano_ctrl.o(.bss)
    ctrl_2                                   0x20000834   Data          40  ano_ctrl.o(.bss)
    vec_err_i                                0x2000085c   Data          12  ano_imu.o(.bss)
    ANO_Param                                0x20000868   Data         160  ano_param.o(.bss)
    f                                        0x20000908   Data          19  ano_data_transfer.o(.bss)
    data_to_send                             0x2000091b   Data          50  ano_data_transfer.o(.bss)
    RX_CH                                    0x20000980   Data          16  ano_rc.o(.bss)
    CH_N                                     0x20000990   Data          16  ano_rc.o(.bss)
    Hid_RxData                               0x200009a0   Data          64  ano_drv_hid.o(.bss)
    hid_datatemp                             0x200009e0   Data         256  ano_drv_hid.o(.bss)
    mpu6050_buffer                           0x20000ae0   Data          14  ano_drv_mpu6050.o(.bss)
    sensor                                   0x20000af0   Data          80  ano_drv_mpu6050.o(.bss)
    sum_temp                                 0x20000b40   Data          28  ano_drv_mpu6050.o(.bss)
    acc_3d_cali                              0x20000b5c   Data          24  ano_drv_mpu6050.o(.bss)
    steepest_ax                              0x20000b74   Data          20  ano_drv_mpu6050.o(.bss)
    steepest_ay                              0x20000b88   Data          20  ano_drv_mpu6050.o(.bss)
    steepest_az                              0x20000b9c   Data          20  ano_drv_mpu6050.o(.bss)
    steepest_gx                              0x20000bb0   Data          20  ano_drv_mpu6050.o(.bss)
    steepest_gy                              0x20000bc4   Data          20  ano_drv_mpu6050.o(.bss)
    steepest_gz                              0x20000bd8   Data          20  ano_drv_mpu6050.o(.bss)
    steepest_ax_arr                          0x20000bec   Data         160  ano_drv_mpu6050.o(.bss)
    steepest_ay_arr                          0x20000c8c   Data         160  ano_drv_mpu6050.o(.bss)
    steepest_az_arr                          0x20000d2c   Data         160  ano_drv_mpu6050.o(.bss)
    steepest_gx_arr                          0x20000dcc   Data          20  ano_drv_mpu6050.o(.bss)
    steepest_gy_arr                          0x20000de0   Data          20  ano_drv_mpu6050.o(.bss)
    steepest_gz_arr                          0x20000df4   Data          20  ano_drv_mpu6050.o(.bss)
    NRF24L01_2_RXDATA                        0x20000e08   Data         255  ano_drv_nrf24l01.o(.bss)
    NRF24L01_2_TXDATA                        0x20000f07   Data         255  ano_drv_nrf24l01.o(.bss)
    TxBuffer                                 0x20001006   Data         256  ano_drv_uart.o(.bss)
    TxBuffer3                                0x20001206   Data         256  ano_drv_uart3.o(.bss)
    Device_Info                              0x20001308   Data          28  usb_init.o(.bss)
    Transi_Buffer                            0x20001324   Data          64  usb_endp.o(.bss)
    __initial_sp                             0x20001768   Data           0  startup_stm32f10x_md.o(STACK)



==============================================================================

Memory Map of the image

  Image Entry point : 0x080000ed

  Load Region LR_IROM1 (Base: 0x08000000, Size: 0x00008314, Max: 0x00010000, ABSOLUTE, COMPRESSED[0x0000816c])

    Execution Region ER_IROM1 (Base: 0x08000000, Size: 0x00007cb0, Max: 0x00010000, ABSOLUTE)

    Base Addr    Size         Type   Attr      Idx    E Section Name        Object

    0x08000000   0x000000ec   Data   RO         3338    RESET               startup_stm32f10x_md.o
    0x080000ec   0x00000000   Code   RO         4257  * .ARM.Collect$$$$00000000  mc_w.l(entry.o)
    0x080000ec   0x00000004   Code   RO         4318    .ARM.Collect$$$$00000001  mc_w.l(entry2.o)
    0x080000f0   0x00000004   Code   RO         4321    .ARM.Collect$$$$00000004  mc_w.l(entry5.o)
    0x080000f4   0x00000000   Code   RO         4323    .ARM.Collect$$$$00000008  mc_w.l(entry7b.o)
    0x080000f4   0x00000000   Code   RO         4325    .ARM.Collect$$$$0000000A  mc_w.l(entry8b.o)
    0x080000f4   0x00000008   Code   RO         4326    .ARM.Collect$$$$0000000B  mc_w.l(entry9a.o)
    0x080000fc   0x00000000   Code   RO         4328    .ARM.Collect$$$$0000000D  mc_w.l(entry10a.o)
    0x080000fc   0x00000000   Code   RO         4330    .ARM.Collect$$$$0000000F  mc_w.l(entry11a.o)
    0x080000fc   0x00000004   Code   RO         4319    .ARM.Collect$$$$00002712  mc_w.l(entry2.o)
    0x08000100   0x00000024   Code   RO         3339    .text               startup_stm32f10x_md.o
    0x08000124   0x000000b0   Code   RO         4260    .text               mf_w.l(fadd.o)
    0x080001d4   0x00000064   Code   RO         4262    .text               mf_w.l(fmul.o)
    0x08000238   0x0000007c   Code   RO         4264    .text               mf_w.l(fdiv.o)
    0x080002b4   0x0000014e   Code   RO         4266    .text               mf_w.l(dadd.o)
    0x08000402   0x000000e4   Code   RO         4268    .text               mf_w.l(dmul.o)
    0x080004e6   0x00000012   Code   RO         4270    .text               mf_w.l(fflti.o)
    0x080004f8   0x0000000a   Code   RO         4272    .text               mf_w.l(ffltui.o)
    0x08000502   0x00000032   Code   RO         4276    .text               mf_w.l(ffixi.o)
    0x08000534   0x00000028   Code   RO         4278    .text               mf_w.l(ffixui.o)
    0x0800055c   0x00000026   Code   RO         4280    .text               mf_w.l(f2d.o)
    0x08000582   0x00000038   Code   RO         4286    .text               mf_w.l(d2f.o)
    0x080005ba   0x00000002   PAD
    0x080005bc   0x00000014   Code   RO         4288    .text               mf_w.l(cfcmple.o)
    0x080005d0   0x00000014   Code   RO         4290    .text               mf_w.l(cfrcmple.o)
    0x080005e4   0x0000001e   Code   RO         4332    .text               mc_w.l(llshl.o)
    0x08000602   0x00000024   Code   RO         4334    .text               mc_w.l(llsshr.o)
    0x08000626   0x00000000   Code   RO         4343    .text               mc_w.l(iusefp.o)
    0x08000626   0x0000006e   Code   RO         4344    .text               mf_w.l(fepilogue.o)
    0x08000694   0x000000ba   Code   RO         4346    .text               mf_w.l(depilogue.o)
    0x0800074e   0x000000de   Code   RO         4348    .text               mf_w.l(ddiv.o)
    0x0800082c   0x0000002e   Code   RO         4350    .text               mf_w.l(dscalb.o)
    0x0800085a   0x00000002   PAD
    0x0800085c   0x00000024   Code   RO         4352    .text               mc_w.l(init.o)
    0x08000880   0x00000020   Code   RO         4354    .text               mc_w.l(llushr.o)
    0x080008a0   0x000000a2   Code   RO         4356    .text               mf_w.l(dsqrt.o)
    0x08000942   0x00000056   Code   RO         4366    .text               mc_w.l(__dczerorl2.o)
    0x08000998   0x00000480   Code   RO          494    i.ANO_DT_Data_Exchange  ano_data_transfer.o
    0x08000e18   0x000002e0   Code   RO          495    i.ANO_DT_Data_Receive_Anl  ano_data_transfer.o
    0x080010f8   0x000000e8   Code   RO          496    i.ANO_DT_Data_Receive_Prepare  ano_data_transfer.o
    0x080011e0   0x00000044   Code   RO          497    i.ANO_DT_Send_Check  ano_data_transfer.o
    0x08001224   0x00000024   Code   RO          498    i.ANO_DT_Send_Data  ano_data_transfer.o
    0x08001248   0x0000012c   Code   RO          500    i.ANO_DT_Send_MotoPWM  ano_data_transfer.o
    0x08001374   0x00000044   Code   RO          501    i.ANO_DT_Send_Msg   ano_data_transfer.o
    0x080013b8   0x00000184   Code   RO          502    i.ANO_DT_Send_PID   ano_data_transfer.o
    0x0800153c   0x0000008c   Code   RO          503    i.ANO_DT_Send_Power  ano_data_transfer.o
    0x080015c8   0x00000164   Code   RO          504    i.ANO_DT_Send_RCData  ano_data_transfer.o
    0x0800172c   0x0000019c   Code   RO          505    i.ANO_DT_Send_Senser  ano_data_transfer.o
    0x080018c8   0x00000144   Code   RO          508    i.ANO_DT_Send_Status  ano_data_transfer.o
    0x08001a0c   0x000000f8   Code   RO          509    i.ANO_DT_Send_User  ano_data_transfer.o
    0x08001b04   0x000000c4   Code   RO          510    i.ANO_DT_Send_Version  ano_data_transfer.o
    0x08001bc8   0x00000044   Code   RO         1510    i.ANO_Flash_Read    ano_drv_flash.o
    0x08001c0c   0x00000068   Code   RO         1511    i.ANO_Flash_Write   ano_drv_flash.o
    0x08001c74   0x00000010   Code   RO          742    i.ANO_LED_0_OFF     ano_drv_led.o
    0x08001c84   0x00000010   Code   RO          743    i.ANO_LED_0_ON      ano_drv_led.o
    0x08001c94   0x00000040   Code   RO          744    i.ANO_LED_Init      ano_drv_led.o
    0x08001cd4   0x00000044   Code   RO          922    i.ANO_NRF_Check     ano_drv_nrf24l01.o
    0x08001d18   0x00000074   Code   RO          923    i.ANO_NRF_Check_Event  ano_drv_nrf24l01.o
    0x08001d8c   0x000000e8   Code   RO          924    i.ANO_NRF_Init      ano_drv_nrf24l01.o
    0x08001e74   0x00000034   Code   RO          925    i.ANO_NRF_Read_Buf  ano_drv_nrf24l01.o
    0x08001ea8   0x0000001e   Code   RO          926    i.ANO_NRF_Read_Reg  ano_drv_nrf24l01.o
    0x08001ec6   0x00000002   PAD
    0x08001ec8   0x00000020   Code   RO          927    i.ANO_NRF_TxPacket  ano_drv_nrf24l01.o
    0x08001ee8   0x00000032   Code   RO          929    i.ANO_NRF_Write_Buf  ano_drv_nrf24l01.o
    0x08001f1a   0x00000020   Code   RO          930    i.ANO_NRF_Write_Reg  ano_drv_nrf24l01.o
    0x08001f3a   0x00000002   PAD
    0x08001f3c   0x0000008c   Code   RO          457    i.ANO_Param_Init    ano_param.o
    0x08001fc8   0x0000001c   Code   RO          458    i.ANO_Param_Read    ano_param.o
    0x08001fe4   0x00000014   Code   RO          459    i.ANO_Param_Save    ano_param.o
    0x08001ff8   0x00000014   Code   RO          989    i.ANO_SPI_CSN_H     ano_drv_spi.o
    0x0800200c   0x00000014   Code   RO          990    i.ANO_SPI_CSN_L     ano_drv_spi.o
    0x08002020   0x000000a8   Code   RO          991    i.ANO_SPI_Init      ano_drv_spi.o
    0x080020c8   0x00000038   Code   RO          992    i.ANO_SPI_RW        ano_drv_spi.o
    0x08002100   0x0000008c   Code   RO         1067    i.ANO_UART3_IRQ     ano_drv_uart3.o
    0x0800218c   0x000000d0   Code   RO         1068    i.ANO_UART3_Init    ano_drv_uart3.o
    0x0800225c   0x0000004c   Code   RO         1069    i.ANO_UART3_Put_Buf  ano_drv_uart3.o
    0x080022a8   0x0000000c   Code   RO         3563    i.ByteSwap          usb_regs.o
    0x080022b4   0x00000038   Code   RO          240    i.CTRL_0            ano_ctrl.o
    0x080022ec   0x00000078   Code   RO          241    i.CTRL_0_PID_Init   ano_ctrl.o
    0x08002364   0x000000a0   Code   RO          242    i.CTRL_1            ano_ctrl.o
    0x08002404   0x0000014c   Code   RO          243    i.CTRL_1_PID_Init   ano_ctrl.o
    0x08002550   0x0000009c   Code   RO          244    i.CTRL_2            ano_ctrl.o
    0x080025ec   0x00000134   Code   RO          245    i.CTRL_2_PID_Init   ano_ctrl.o
    0x08002720   0x00000644   Code   RO          246    i.CTRL_Duty         ano_ctrl.o
    0x08002d64   0x00000328   Code   RO         3516    i.CTR_LP            usb_int.o
    0x0800308c   0x00000034   Code   RO         3564    i.ClearDTOG_RX      usb_regs.o
    0x080030c0   0x00000034   Code   RO         3565    i.ClearDTOG_TX      usb_regs.o
    0x080030f4   0x00000020   Code   RO         3570    i.Clear_Status_Out  usb_regs.o
    0x08003114   0x0000007c   Code   RO         4092    i.CustomHID_Data_Setup  usb_prop.o
    0x08003190   0x00000014   Code   RO         4093    i.CustomHID_GetConfigDescriptor  usb_prop.o
    0x080031a4   0x00000014   Code   RO         4094    i.CustomHID_GetDeviceDescriptor  usb_prop.o
    0x080031b8   0x00000014   Code   RO         4095    i.CustomHID_GetHIDDescriptor  usb_prop.o
    0x080031cc   0x0000001c   Code   RO         4096    i.CustomHID_GetProtocolValue  usb_prop.o
    0x080031e8   0x00000014   Code   RO         4097    i.CustomHID_GetReportDescriptor  usb_prop.o
    0x080031fc   0x00000028   Code   RO         4098    i.CustomHID_GetStringDescriptor  usb_prop.o
    0x08003224   0x00000016   Code   RO         4099    i.CustomHID_Get_Interface_Setting  usb_prop.o
    0x0800323a   0x00000002   PAD
    0x0800323c   0x00000024   Code   RO         4100    i.CustomHID_NoData_Setup  usb_prop.o
    0x08003260   0x000000c0   Code   RO         4101    i.CustomHID_Reset   usb_prop.o
    0x08003320   0x00000018   Code   RO         4102    i.CustomHID_SetConfiguration  usb_prop.o
    0x08003338   0x0000000c   Code   RO         4103    i.CustomHID_SetDeviceAddress  usb_prop.o
    0x08003344   0x00000018   Code   RO         4104    i.CustomHID_SetProtocol  usb_prop.o
    0x0800335c   0x00000002   Code   RO         4105    i.CustomHID_Status_In  usb_prop.o
    0x0800335e   0x00000002   Code   RO         4106    i.CustomHID_Status_Out  usb_prop.o
    0x08003360   0x00000044   Code   RO         4107    i.CustomHID_init    usb_prop.o
    0x080033a4   0x000000c0   Code   RO         3343    i.DataStageIn       usb_core.o
    0x08003464   0x000000bc   Code   RO         3344    i.DataStageOut      usb_core.o
    0x08003520   0x00000298   Code   RO         3345    i.Data_Setup0       usb_core.o
    0x080037b8   0x00000012   Code   RO         1153    i.Delay             bsp_systick.o
    0x080037ca   0x0000001a   Code   RO         1154    i.Delay_ms          bsp_systick.o
    0x080037e4   0x00000018   Code   RO         1155    i.Delay_us          bsp_systick.o
    0x080037fc   0x00000002   Code   RO          138    i.Duty_10ms         loop.o
    0x080037fe   0x00000002   PAD
    0x08003800   0x00000010   Code   RO          139    i.Duty_20ms         loop.o
    0x08003810   0x0000007c   Code   RO          140    i.Duty_2ms          loop.o
    0x0800388c   0x0000000e   Code   RO          141    i.Duty_50ms         loop.o
    0x0800389a   0x00000002   PAD
    0x0800389c   0x00000040   Code   RO          142    i.Duty_6ms          loop.o
    0x080038dc   0x00000024   Code   RO         4038    i.EP1_OUT_Callback  usb_endp.o
    0x08003900   0x00000018   Code   RO         4039    i.EP2_IN_Callback   usb_endp.o
    0x08003918   0x0000000c   Code   RO         3924    i.Enter_LowPowerMode  usb_config.o
    0x08003924   0x0000004c   Code   RO         1981    i.FLASH_ErasePage   stm32f10x_flash.o
    0x08003970   0x00000034   Code   RO         1982    i.FLASH_GetBank1Status  stm32f10x_flash.o
    0x080039a4   0x00000040   Code   RO         1994    i.FLASH_ProgramHalfWord  stm32f10x_flash.o
    0x080039e4   0x00000018   Code   RO         1999    i.FLASH_Unlock      stm32f10x_flash.o
    0x080039fc   0x00000026   Code   RO         2003    i.FLASH_WaitForLastOperation  stm32f10x_flash.o
    0x08003a22   0x00000116   Code   RO         2156    i.GPIO_Init         stm32f10x_gpio.o
    0x08003b38   0x00000090   Code   RO         2158    i.GPIO_PinRemapConfig  stm32f10x_gpio.o
    0x08003bc8   0x00000004   Code   RO         2163    i.GPIO_ResetBits    stm32f10x_gpio.o
    0x08003bcc   0x00000004   Code   RO         2164    i.GPIO_SetBits      stm32f10x_gpio.o
    0x08003bd0   0x00000010   Code   RO         2165    i.GPIO_StructInit   stm32f10x_gpio.o
    0x08003be0   0x00000020   Code   RO         3582    i.GetEPRxAddr       usb_regs.o
    0x08003c00   0x00000020   Code   RO         3585    i.GetEPTxAddr       usb_regs.o
    0x08003c20   0x00000044   Code   RO         1156    i.GetSysTime_us     bsp_systick.o
    0x08003c64   0x00000048   Code   RO         3925    i.Get_SerialNum     usb_config.o
    0x08003cac   0x00000034   Code   RO         1208    i.I2c_Soft_Ask      i2c_soft.o
    0x08003ce0   0x00000044   Code   RO         1209    i.I2c_Soft_Init     i2c_soft.o
    0x08003d24   0x00000034   Code   RO         1210    i.I2c_Soft_NoAsk    i2c_soft.o
    0x08003d58   0x00000060   Code   RO         1211    i.I2c_Soft_ReadByte  i2c_soft.o
    0x08003db8   0x00000050   Code   RO         1212    i.I2c_Soft_SendByte  i2c_soft.o
    0x08003e08   0x00000058   Code   RO         1213    i.I2c_Soft_Start    i2c_soft.o
    0x08003e60   0x00000034   Code   RO         1214    i.I2c_Soft_Stop     i2c_soft.o
    0x08003e94   0x00000054   Code   RO         1215    i.I2c_Soft_WaitAsk  i2c_soft.o
    0x08003ee8   0x0000000a   Code   RO         1216    i.I2c_Soft_delay    i2c_soft.o
    0x08003ef2   0x00000002   PAD
    0x08003ef4   0x00000074   Code   RO         1218    i.IIC_Read_nByte    i2c_soft.o
    0x08003f68   0x0000003e   Code   RO         1219    i.IIC_Write_1Byte   i2c_soft.o
    0x08003fa6   0x00000042   Code   RO          800    i.IICwriteBit       ano_drv_mpu6050.o
    0x08003fe8   0x00000066   Code   RO          801    i.IICwriteBits      ano_drv_mpu6050.o
    0x0800404e   0x00000002   PAD
    0x08004050   0x00000798   Code   RO          435    i.IMU_update        ano_imu.o
    0x080047e8   0x00000070   Code   RO         3346    i.In0_Process       usb_core.o
    0x08004858   0x0000004c   Code   RO          745    i.LED_1ms_DRV       ano_drv_led.o
    0x080048a4   0x00000030   Code   RO          746    i.LED_Dyty          ano_drv_led.o
    0x080048d4   0x00000064   Code   RO          375    i.LPF_1             filter.o
    0x08004938   0x00000020   Code   RO         3926    i.Leave_LowPowerMode  usb_config.o
    0x08004958   0x00000064   Code   RO          143    i.Loop_check        loop.o
    0x080049bc   0x000001e0   Code   RO          802    i.MPU6050_Data_Offset  ano_drv_mpu6050.o
    0x08004b9c   0x0000039c   Code   RO          803    i.MPU6050_Data_Prepare  ano_drv_mpu6050.o
    0x08004f38   0x00000002   Code   RO          804    i.MPU6050_INT_Config  ano_drv_mpu6050.o
    0x08004f3a   0x00000002   PAD
    0x08004f3c   0x000000f4   Code   RO          805    i.MPU6050_Init      ano_drv_mpu6050.o
    0x08005030   0x00000014   Code   RO          806    i.MPU6050_Read      ano_drv_mpu6050.o
    0x08005044   0x00000014   Code   RO          807    i.MPU6050_setClockSource  ano_drv_mpu6050.o
    0x08005058   0x00000014   Code   RO          808    i.MPU6050_setDLPF   ano_drv_mpu6050.o
    0x0800506c   0x00000024   Code   RO          809    i.MPU6050_setFullScaleAccelRange  ano_drv_mpu6050.o
    0x08005090   0x00000024   Code   RO          810    i.MPU6050_setFullScaleGyroRange  ano_drv_mpu6050.o
    0x080050b4   0x00000012   Code   RO          811    i.MPU6050_setI2CBypassEnabled  ano_drv_mpu6050.o
    0x080050c6   0x00000012   Code   RO          812    i.MPU6050_setI2CMasterModeEnabled  ano_drv_mpu6050.o
    0x080050d8   0x00000012   Code   RO          813    i.MPU6050_setSleepEnabled  ano_drv_mpu6050.o
    0x080050ea   0x0000001c   Code   RO          814    i.MPU6050_set_SMPLRT_DIV  ano_drv_mpu6050.o
    0x08005106   0x00000002   Code   RO         3347    i.NOP_Process       usb_core.o
    0x08005108   0x00000070   Code   RO         1589    i.NVIC_Init         misc.o
    0x08005178   0x00000014   Code   RO         1590    i.NVIC_PriorityGroupConfig  misc.o
    0x0800518c   0x00000144   Code   RO         3348    i.NoData_Setup0     usb_core.o
    0x080052d0   0x00000050   Code   RO         3349    i.Out0_Process      usb_core.o
    0x08005320   0x00000034   Code   RO          460    i.PID_Save_Overtime  ano_param.o
    0x08005354   0x00000140   Code   RO          363    i.PID_calculate     ano_pid.o
    0x08005494   0x00000028   Code   RO         3545    i.PMAToUserBufferCopy  usb_mem.o
    0x080054bc   0x00000048   Code   RO         3350    i.Post0_Process     usb_core.o
    0x08005504   0x00000040   Code   RO         4206    i.PowerOn           usb_pwr.o
    0x08005544   0x00000020   Code   RO         2266    i.RCC_APB1PeriphClockCmd  stm32f10x_rcc.o
    0x08005564   0x00000020   Code   RO         2268    i.RCC_APB2PeriphClockCmd  stm32f10x_rcc.o
    0x08005584   0x000000d4   Code   RO         2276    i.RCC_GetClocksFreq  stm32f10x_rcc.o
    0x08005658   0x0000000c   Code   RO         2294    i.RCC_USBCLKConfig  stm32f10x_rcc.o
    0x08005664   0x00000034   Code   RO          608    i.RC_duty           ano_rc.o
    0x08005698   0x000000b0   Code   RO         4207    i.Resume            usb_pwr.o
    0x08005748   0x00000024   Code   RO         4208    i.Resume_Init       usb_pwr.o
    0x0800576c   0x00000018   Code   RO         2469    i.SPI_Cmd           stm32f10x_spi.o
    0x08005784   0x00000012   Code   RO         2477    i.SPI_I2S_GetFlagStatus  stm32f10x_spi.o
    0x08005796   0x00000006   Code   RO         2480    i.SPI_I2S_ReceiveData  stm32f10x_spi.o
    0x0800579c   0x00000004   Code   RO         2481    i.SPI_I2S_SendData  stm32f10x_spi.o
    0x080057a0   0x0000003c   Code   RO         2482    i.SPI_Init          stm32f10x_spi.o
    0x080057dc   0x00000010   Code   RO         3593    i.SetBTABLE         usb_regs.o
    0x080057ec   0x0000004c   Code   RO         3351    i.SetDeviceAddress  usb_core.o
    0x08005838   0x00000024   Code   RO         3607    i.SetEPRxAddr       usb_regs.o
    0x0800585c   0x0000004c   Code   RO         3608    i.SetEPRxCount      usb_regs.o
    0x080058a8   0x00000038   Code   RO         3609    i.SetEPRxStatus     usb_regs.o
    0x080058e0   0x0000002c   Code   RO         3610    i.SetEPRxValid      usb_regs.o
    0x0800590c   0x00000020   Code   RO         3611    i.SetEPTxAddr       usb_regs.o
    0x0800592c   0x0000001c   Code   RO         3612    i.SetEPTxCount      usb_regs.o
    0x08005948   0x00000038   Code   RO         3613    i.SetEPTxStatus     usb_regs.o
    0x08005980   0x0000002c   Code   RO         3614    i.SetEPTxValid      usb_regs.o
    0x080059ac   0x00000024   Code   RO         3615    i.SetEPType         usb_regs.o
    0x080059d0   0x00000008   Code   RO         1542    i.SetSysClock       system_stm32f10x.o
    0x080059d8   0x000000e0   Code   RO         1543    i.SetSysClockTo72   system_stm32f10x.o
    0x08005ab8   0x00000012   Code   RO         3927    i.Set_USBClock      usb_config.o
    0x08005aca   0x00000002   PAD
    0x08005acc   0x000000b0   Code   RO         3352    i.Setup0_Process    usb_core.o
    0x08005b7c   0x0000015c   Code   RO         3353    i.Standard_ClearFeature  usb_core.o
    0x08005cd8   0x0000002c   Code   RO         3354    i.Standard_GetConfiguration  usb_core.o
    0x08005d04   0x00000024   Code   RO         3355    i.Standard_GetDescriptorData  usb_core.o
    0x08005d28   0x0000002c   Code   RO         3356    i.Standard_GetInterface  usb_core.o
    0x08005d54   0x000000f0   Code   RO         3357    i.Standard_GetStatus  usb_core.o
    0x08005e44   0x00000048   Code   RO         3358    i.Standard_SetConfiguration  usb_core.o
    0x08005e8c   0x00000028   Code   RO         3359    i.Standard_SetDeviceFeature  usb_core.o
    0x08005eb4   0x000000c0   Code   RO         3360    i.Standard_SetEndPointFeature  usb_core.o
    0x08005f74   0x0000006c   Code   RO         3361    i.Standard_SetInterface  usb_core.o
    0x08005fe0   0x00000028   Code   RO         4209    i.Suspend           usb_pwr.o
    0x08006008   0x00000008   Code   RO         1111    i.SysTick_Handler   stm32f10x_it.o
    0x08006010   0x0000001c   Code   RO         1157    i.SysTick_IRQ       bsp_systick.o
    0x0800602c   0x00000060   Code   RO         1545    i.SystemInit        system_stm32f10x.o
    0x0800608c   0x00000018   Code   RO         2612    i.TIM_ARRPreloadConfig  stm32f10x_tim.o
    0x080060a4   0x00000018   Code   RO         2624    i.TIM_Cmd           stm32f10x_tim.o
    0x080060bc   0x00000098   Code   RO         2653    i.TIM_OC1Init       stm32f10x_tim.o
    0x08006154   0x00000012   Code   RO         2656    i.TIM_OC1PreloadConfig  stm32f10x_tim.o
    0x08006166   0x00000002   PAD
    0x08006168   0x000000a4   Code   RO         2658    i.TIM_OC2Init       stm32f10x_tim.o
    0x0800620c   0x0000001a   Code   RO         2661    i.TIM_OC2PreloadConfig  stm32f10x_tim.o
    0x08006226   0x00000002   PAD
    0x08006228   0x000000a0   Code   RO         2663    i.TIM_OC3Init       stm32f10x_tim.o
    0x080062c8   0x00000012   Code   RO         2666    i.TIM_OC3PreloadConfig  stm32f10x_tim.o
    0x080062da   0x00000002   PAD
    0x080062dc   0x0000007c   Code   RO         2668    i.TIM_OC4Init       stm32f10x_tim.o
    0x08006358   0x0000001a   Code   RO         2670    i.TIM_OC4PreloadConfig  stm32f10x_tim.o
    0x08006372   0x00000014   Code   RO         2671    i.TIM_OCStructInit  stm32f10x_tim.o
    0x08006386   0x00000002   PAD
    0x08006388   0x000000a4   Code   RO         2695    i.TIM_TimeBaseInit  stm32f10x_tim.o
    0x0800642c   0x00000012   Code   RO         2696    i.TIM_TimeBaseStructInit  stm32f10x_tim.o
    0x0800643e   0x00000008   Code   RO         1112    i.USART1_IRQHandler  stm32f10x_it.o
    0x08006446   0x00000008   Code   RO         1113    i.USART3_IRQHandler  stm32f10x_it.o
    0x0800644e   0x00000022   Code   RO         3158    i.USART_ClockInit   stm32f10x_usart.o
    0x08006470   0x00000018   Code   RO         3160    i.USART_Cmd         stm32f10x_usart.o
    0x08006488   0x0000001a   Code   RO         3163    i.USART_GetFlagStatus  stm32f10x_usart.o
    0x080064a2   0x0000004a   Code   RO         3166    i.USART_ITConfig    stm32f10x_usart.o
    0x080064ec   0x000000d8   Code   RO         3167    i.USART_Init        stm32f10x_usart.o
    0x080065c4   0x0000000a   Code   RO         3174    i.USART_ReceiveData  stm32f10x_usart.o
    0x080065ce   0x00000002   Code   RO         3928    i.USB_Cable_Config  usb_config.o
    0x080065d0   0x00000058   Code   RO         3929    i.USB_Connect       usb_config.o
    0x08006628   0x00000002   Code   RO         3930    i.USB_GPIO_Configuration  usb_config.o
    0x0800662a   0x00000002   PAD
    0x0800662c   0x00000030   Code   RO          701    i.USB_HID_Init      ano_drv_hid.o
    0x0800665c   0x00000002   Code   RO         1114    i.USB_HP_CAN1_TX_IRQHandler  stm32f10x_it.o
    0x0800665e   0x00000002   PAD
    0x08006660   0x0000003c   Code   RO         3492    i.USB_Init          usb_init.o
    0x0800669c   0x00000022   Code   RO         3931    i.USB_Interrupts_Config  usb_config.o
    0x080066be   0x00000002   PAD
    0x080066c0   0x000000f8   Code   RO         4071    i.USB_Istr          usb_istr.o
    0x080067b8   0x00000008   Code   RO         1115    i.USB_LP_CAN1_RX0_IRQHandler  stm32f10x_it.o
    0x080067c0   0x00000164   Code   RO         1020    i.Uart1_IRQ         ano_drv_uart.o
    0x08006924   0x0000002c   Code   RO          702    i.Usb_Hid_Adddata   ano_drv_hid.o
    0x08006950   0x00000034   Code   RO          703    i.Usb_Hid_Receive   ano_drv_hid.o
    0x08006984   0x000001d0   Code   RO          704    i.Usb_Hid_Send      ano_drv_hid.o
    0x08006b54   0x00000038   Code   RO         3546    i.UserToPMABufferCopy  usb_mem.o
    0x08006b8c   0x00000028   Code   RO         4306    i.__ARM_fpclassify  m_ws.l(fpclassify.o)
    0x08006bb4   0x000000aa   Code   RO         4308    i.__kernel_poly     m_ws.l(poly.o)
    0x08006c5e   0x00000006   Code   RO         4293    i.__mathlib_dbl_infnan  m_ws.l(dunder.o)
    0x08006c64   0x0000000c   Code   RO         4295    i.__mathlib_dbl_invalid  m_ws.l(dunder.o)
    0x08006c70   0x00000010   Code   RO         4298    i.__mathlib_dbl_underflow  m_ws.l(dunder.o)
    0x08006c80   0x0000000e   Code   RO         4360    i.__scatterload_copy  mc_w.l(handlers.o)
    0x08006c8e   0x00000002   Code   RO         4361    i.__scatterload_null  mc_w.l(handlers.o)
    0x08006c90   0x0000000e   Code   RO         4362    i.__scatterload_zeroinit  mc_w.l(handlers.o)
    0x08006c9e   0x00000002   PAD
    0x08006ca0   0x0000000c   Code   RO         4338    i.__set_errno       mc_w.l(errno.o)
    0x08006cac   0x00000270   Code   RO         4248    i.asin              m_ws.l(asin.o)
    0x08006f1c   0x00000024   Code   RO         1158    i.cycleCounterInit  bsp_systick.o
    0x08006f40   0x00000024   Code   RO          609    i.fail_safe         ano_rc.o
    0x08006f64   0x00000038   Code   RO          610    i.fail_safe_check   ano_rc.o
    0x08006f9c   0x0000016c   Code   RO         1341    i.fast_atan2        mymath.o
    0x08007108   0x000000d4   Code   RO          747    i.led_breath        ano_drv_led.o
    0x080071dc   0x000000ac   Code   RO          748    i.led_flash         ano_drv_led.o
    0x08007288   0x00000058   Code   RO          379    i.limit_filter      filter.o
    0x080072e0   0x0000000c   Code   RO            1    i.main              main.o
    0x080072ec   0x00000084   Code   RO          144    i.main_loop         loop.o
    0x08007370   0x000000d4   Code   RO          247    i.motor_ctrl        ano_ctrl.o
    0x08007444   0x0000004c   Code   RO         1489    i.motor_out         ano_motor.o
    0x08007490   0x00000070   Code   RO          815    i.mpu_type          ano_drv_mpu6050.o
    0x08007500   0x00000018   Code   RO         1344    i.my_abs            mymath.o
    0x08007518   0x00000048   Code   RO         1347    i.my_deadzone       mymath.o
    0x08007560   0x00000078   Code   RO         1353    i.my_sqrt           mymath.o
    0x080075d8   0x00000010   Code   RO          248    i.pid_init          ano_ctrl.o
    0x080075e8   0x000000f0   Code   RO         1490    i.pwm_out_init      ano_motor.o
    0x080076d8   0x0000001e   Code   RO         1354    i.safe_div          mymath.o
    0x080076f6   0x00000070   Code   RO         1355    i.second_degree     mymath.o
    0x08007766   0x00000048   Code   RO          816    i.sensor_dir        ano_drv_mpu6050.o
    0x080077ae   0x0000004c   Code   RO         4311    i.sqrt              m_ws.l(sqrt.o)
    0x080077fa   0x00000190   Code   RO          381    i.steepest_descend  filter.o
    0x0800798a   0x00000002   PAD
    0x0800798c   0x000000c0   Code   RO          329    i.sys_init          ano_init.o
    0x08007a4c   0x00000090   Code   RO         1456    i.sys_time          time.o
    0x08007adc   0x000000dc   Code   RO          611    i.unlock            ano_rc.o
    0x08007bb8   0x00000086   Data   RO         4025    .constdata          usb_desc.o
    0x08007c3e   0x00000002   PAD
    0x08007c40   0x00000050   Data   RO         4249    .constdata          m_ws.l(asin.o)
    0x08007c90   0x00000020   Data   RO         4358    Region$$Table       anon$$obj.o


    Execution Region RW_IRAM1 (Base: 0x20000000, Size: 0x00001768, Max: 0x00005000, ABSOLUTE, COMPRESSED[0x000004bc])

    Base Addr    Size         Type   Attr      Idx    E Section Name        Object

    0x20000000   0x0000003d   Data   RW          250    .data               ano_ctrl.o
    0x2000003d   0x00000001   Data   RW          330    .data               ano_init.o
    0x2000003e   0x00000002   PAD
    0x20000040   0x0000000c   Data   RW          351    .data               ano_data.o
    0x2000004c   0x00000070   Data   RW          437    .data               ano_imu.o
    0x200000bc   0x00000002   Data   RW          462    .data               ano_param.o
    0x200000be   0x0000000d   Data   RW          512    .data               ano_data_transfer.o
    0x200000cb   0x00000001   PAD
    0x200000cc   0x00000006   Data   RW          613    .data               ano_rc.o
    0x200000d2   0x00000004   Data   RW          706    .data               ano_drv_hid.o
    0x200000d6   0x00000002   PAD
    0x200000d8   0x00000010   Data   RW          749    .data               ano_drv_led.o
    0x200000e8   0x0000000c   Data   RW          818    .data               ano_drv_mpu6050.o
    0x200000f4   0x0000000c   Data   RW          932    .data               ano_drv_nrf24l01.o
    0x20000100   0x00000005   Data   RW         1026    .data               ano_drv_uart.o
    0x20000105   0x00000002   Data   RW         1073    .data               ano_drv_uart3.o
    0x20000107   0x00000001   PAD
    0x20000108   0x00000008   Data   RW         1159    .data               bsp_systick.o
    0x20000110   0x00000001   Data   RW         1221    .data               i2c_soft.o
    0x20000111   0x00000003   PAD
    0x20000114   0x00000404   Data   RW         1356    .data               mymath.o
    0x20000518   0x00000008   Data   RW         1457    .data               time.o
    0x20000520   0x00000014   Data   RW         1546    .data               system_stm32f10x.o
    0x20000534   0x00000014   Data   RW         2296    .data               stm32f10x_rcc.o
    0x20000548   0x00000003   Data   RW         3362    .data               usb_core.o
    0x2000054b   0x00000001   PAD
    0x2000054c   0x00000014   Data   RW         3494    .data               usb_init.o
    0x20000560   0x00000004   Data   RW         3517    .data               usb_int.o
    0x20000564   0x0000001a   Data   RW         4026    .data               usb_desc.o
    0x2000057e   0x00000001   Data   RW         4041    .data               usb_endp.o
    0x2000057f   0x00000001   PAD
    0x20000580   0x0000003c   Data   RW         4072    .data               usb_istr.o
    0x200005bc   0x0000009c   Data   RW         4108    .data               usb_prop.o
    0x20000658   0x00000007   Data   RW         4210    .data               usb_pwr.o
    0x2000065f   0x00000001   PAD
    0x20000660   0x00000004   Data   RW         4339    .data               mc_w.l(errno.o)
    0x20000664   0x0000003c   Zero   RW          145    .bss                loop.o
    0x200006a0   0x000001bc   Zero   RW          249    .bss                ano_ctrl.o
    0x2000085c   0x0000000c   Zero   RW          436    .bss                ano_imu.o
    0x20000868   0x000000a0   Zero   RW          461    .bss                ano_param.o
    0x20000908   0x00000077   Zero   RW          511    .bss                ano_data_transfer.o
    0x2000097f   0x00000001   PAD
    0x20000980   0x00000020   Zero   RW          612    .bss                ano_rc.o
    0x200009a0   0x00000140   Zero   RW          705    .bss                ano_drv_hid.o
    0x20000ae0   0x00000328   Zero   RW          817    .bss                ano_drv_mpu6050.o
    0x20000e08   0x000001fe   Zero   RW          931    .bss                ano_drv_nrf24l01.o
    0x20001006   0x00000200   Zero   RW         1025    .bss                ano_drv_uart.o
    0x20001206   0x00000100   Zero   RW         1072    .bss                ano_drv_uart3.o
    0x20001306   0x00000002   PAD
    0x20001308   0x0000001c   Zero   RW         3493    .bss                usb_init.o
    0x20001324   0x00000040   Zero   RW         4040    .bss                usb_endp.o
    0x20001364   0x00000004   PAD
    0x20001368   0x00000400   Zero   RW         3336    STACK               startup_stm32f10x_md.o


==============================================================================

Image component sizes


      Code (inc. data)   RO Data    RW Data    ZI Data      Debug   Object Name

      2964        360          0         61        444      10841   ano_ctrl.o
         0          0          0         12          0       1078   ano_data.o
      4656        188          0         13        119      14707   ano_data_transfer.o
       172         10          0          0          0       2239   ano_drv_flash.o
       608         48          0          4        320       3689   ano_drv_hid.o
       604         84          0         16          0       4555   ano_drv_led.o
      2216        128          0         12        808      24861   ano_drv_mpu6050.o
       612         30          0         12        510       7094   ano_drv_nrf24l01.o
       264         26          0          0          0       2336   ano_drv_spi.o
       356         32          0          5        512       1623   ano_drv_uart.o
       424         42          0          2        256       3015   ano_drv_uart3.o
      1944         56          0        112         12       2697   ano_imu.o
       192         22          0          1          0      16283   ano_init.o
       316         18          0          0          0       1755   ano_motor.o
       240         18          0          2        160       3587   ano_param.o
       320          6          0          0          0       1288   ano_pid.o
       364         36          0          6         32       3142   ano_rc.o
       200         26          0          8          0       4063   bsp_systick.o
         0          0          0          0          0         32   core_cm3.o
       588          6          0          0          0       2974   filter.o
       760         38          0          1          0     269495   i2c_soft.o
       452         48          0          0         60       5994   loop.o
        12          0          0          0          0     260897   main.o
       132         22          0          0          0       1871   misc.o
       722         26          0       1028          0       5139   mymath.o
        36          8        236          0       1024        900   startup_stm32f10x_md.o
       254         24          0          0          0       3493   stm32f10x_flash.o
       446          6          0          0          0       5044   stm32f10x_gpio.o
        34          0          0          0          0       2663   stm32f10x_it.o
       288         38          0         20          0       5637   stm32f10x_rcc.o
       112          0          0          0          0       4482   stm32f10x_spi.o
       938         92          0          0          0      10108   stm32f10x_tim.o
       384          6          0          0          0       6210   stm32f10x_usart.o
       328         28          0         20          0       2857   system_stm32f10x.o
       144         18          0          8          0       1022   time.o
       260         34          0          0          0       8375   usb_config.o
      3010        288          0          3          0      19199   usb_core.o
         0          0        134         26          0       1280   usb_desc.o
        60         12          0          1         64       2072   usb_endp.o
        60         24          0         20         28       4450   usb_init.o
       808         34          0          4          0       1869   usb_int.o
       248         26          0         60          0       1660   usb_istr.o
        96         10          0          0          0       2020   usb_mem.o
       654        116          0        156          0      14529   usb_prop.o
       316         38          0          7          0       4250   usb_pwr.o
       636         96          0          0          0      10740   usb_regs.o

    ----------------------------------------------------------------------
     28264       2168        404       1632       4356     768115   Object Totals
         0          0         32          0          0          0   (incl. Generated)
        34          0          2         12          7          0   (incl. Padding)

    ----------------------------------------------------------------------

      Code (inc. data)   RO Data    RW Data    ZI Data      Debug   Library Member Name

       624         52         80          0          0        168   asin.o
        34          6          0          0          0        204   dunder.o
        40          0          0          0          0         68   fpclassify.o
       170          0          0          0          0         96   poly.o
        76          0          0          0          0         84   sqrt.o
        86          0          0          0          0          0   __dczerorl2.o
         0          0          0          0          0          0   entry.o
         0          0          0          0          0          0   entry10a.o
         0          0          0          0          0          0   entry11a.o
         8          4          0          0          0          0   entry2.o
         4          0          0          0          0          0   entry5.o
         0          0          0          0          0          0   entry7b.o
         0          0          0          0          0          0   entry8b.o
         8          4          0          0          0          0   entry9a.o
        12          6          0          4          0         68   errno.o
        30          0          0          0          0          0   handlers.o
        36          8          0          0          0         68   init.o
         0          0          0          0          0          0   iusefp.o
        30          0          0          0          0         68   llshl.o
        36          0          0          0          0         68   llsshr.o
        32          0          0          0          0         68   llushr.o
        20          0          0          0          0         68   cfcmple.o
        20          0          0          0          0         68   cfrcmple.o
        56          0          0          0          0         88   d2f.o
       334          0          0          0          0        148   dadd.o
       222          0          0          0          0        100   ddiv.o
       186          0          0          0          0        176   depilogue.o
       228          0          0          0          0         96   dmul.o
        46          0          0          0          0         80   dscalb.o
       162          0          0          0          0        100   dsqrt.o
        38          0          0          0          0         68   f2d.o
       176          0          0          0          0        140   fadd.o
       124          0          0          0          0         88   fdiv.o
       110          0          0          0          0        168   fepilogue.o
        50          0          0          0          0         68   ffixi.o
        40          0          0          0          0         68   ffixui.o
        18          0          0          0          0         68   fflti.o
        10          0          0          0          0         68   ffltui.o
       100          0          0          0          0         76   fmul.o

    ----------------------------------------------------------------------
      3172         80         80          4          0       2696   Library Totals
         6          0          0          0          0          0   (incl. Padding)

    ----------------------------------------------------------------------

      Code (inc. data)   RO Data    RW Data    ZI Data      Debug   Library Name

       944         58         80          0          0        620   m_ws.l
       282         22          0          4          0        340   mc_w.l
      1940          0          0          0          0       1736   mf_w.l

    ----------------------------------------------------------------------
      3172         80         80          4          0       2696   Library Totals

    ----------------------------------------------------------------------

==============================================================================


      Code (inc. data)   RO Data    RW Data    ZI Data      Debug   

     31436       2248        484       1636       4356     757679   Grand Totals
     31436       2248        484       1212       4356     757679   ELF Image Totals (compressed)
     31436       2248        484       1212          0          0   ROM Totals

==============================================================================

    Total RO  Size (Code + RO Data)                31920 (  31.17kB)
    Total RW  Size (RW Data + ZI Data)              5992 (   5.85kB)
    Total ROM Size (Code + RO Data + RW Data)      33132 (  32.36kB)

==============================================================================

