<html>
<body>
<pre>
<h1>µVision Build Log</h1>
<h2>Tool Versions:</h2>
IDE-Version: µVision V5.14.0.0
Copyright (C) 2015 ARM Ltd and ARM Germany GmbH. All rights reserved.
License Information: 123 123, 123, LIC=EXJMM-XXFQN-8SUYU-SYVGR-S44UJ-NPS6X
 
Tool Versions:
Toolchain:       MDK-ARM Standard  Version: 5.14.0.0
Toolchain Path:  D:\KEIL ARM\ARM\ARMCC\Bin
C Compiler:      Armcc.exe V5.05 update 1 (build 106)
Assembler:       Armasm.exe V5.05 update 1 (build 106)
Linker/Locator:  ArmLink.exe V5.05 update 1 (build 106)
Library Manager: ArmAr.exe V5.05 update 1 (build 106)
Hex Converter:   FromElf.exe V5.05 update 1 (build 106)
CPU DLL:         SARMCM3.DLL V5.14.0.0
Dialog DLL:      DARMSTM.DLL V1.65.0.0
Target DLL:      Segger\JL2CM3.dll V2.99.13.0
Dialog DLL:      TARMSTM.DLL V1.64.0.0
 
<h2>Project:</h2>
D:\STM32_Projects\STM32\micro_quadrotor\ANO_Settler_V2\ANO_Settler.uvproj
Project File Date:  07/07/2016

<h2>Output:</h2>
Build target 'ANO_Settler'
compiling loop.c...
compiling ANO_CTRL.c...
compiling ANO_Data_Transfer.c...
compiling ANO_RC.c...
compiling ANO_Drv_Hid.c...
compiling ANO_Drv_LED.c...
compiling ANO_Drv_Nrf24l01.c...
compiling ANO_Drv_SPI.c...
compiling ANO_Drv_Uart.c...
compiling ANO_Drv_Uart3.c...
linking...
Program Size: Code=31436 RO-data=484 RW-data=1636 ZI-data=4356  
FromELF: creating hex file...
".\build\ANO_Settler.axf" - 0 Error(s), 0 Warning(s).
</pre>
</body>
</html>
