<html>
<body>
<pre>
<h1>礦ision Build Log</h1>
<h2>Tool Versions:</h2>
IDE-Version: 礦ision V5.14.0.0
Copyright (C) 2015 ARM Ltd and ARM Germany GmbH. All rights reserved.
License Information: 123 123, 123, LIC=EXJMM-XXFQN-8SUYU-SYVGR-S44UJ-NPS6X
 
Tool Versions:
Toolchain:       MDK-ARM Standard  Version: 5.14.0.0
Toolchain Path:  D:\KEIL ARM\ARM\ARMCC\Bin
C Compiler:      Armcc.exe V5.05 update 1 (build 106)
Assembler:       Armasm.exe V5.05 update 1 (build 106)
Linker/Locator:  ArmLink.exe V5.05 update 1 (build 106)
Library Manager: ArmAr.exe V5.05 update 1 (build 106)
Hex Converter:   FromElf.exe V5.05 update 1 (build 106)
CPU DLL:         SARMCM3.DLL V5.14.0.0
Dialog DLL:      DCM.DLL V1.13.1.0
Target DLL:      Segger\JL2CM3.dll V2.99.13.0
Dialog DLL:      TCM.DLL V1.14.4.0
 
<h2>Project:</h2>
C:\Users\Ding wenhao\Desktop\飞控\匿名开拓者V2-微型四轴资料包-20160521\6：匿名遥控源码、原理图\ANO_Remoter\ANO_Remoter.uvproj
Project File Date:  04/04/2016

<h2>Output:</h2>
Build target 'ANO_Remoter_V2.0'
compiling main.c...
compiling ANO_Scheduler.c...
compiling ANO_Display.c...
compiling ANO_Stick.c...
compiling ANO_DT.c...
compiling ANO_Param.c...
compiling board.c...
compiling stm32f10x_it.c...
compiling ANO_Drv_LED.c...
compiling ANO_Drv_Nrf24l01.c...
compiling ANO_Drv_SPI.c...
compiling ANO_Drv_Uart.c...
compiling ANO_Drv_ADC.c...
compiling ANO_Drv_Oled.c...
compiling ANO_Drv_I2C.c...
compiling ANO_Drv_MPU6050.c...
compiling ANO_Drv_Hid.c...
compiling ANO_Drv_Flash.c...
assembling startup_stm32f10x_md.s...
compiling system_stm32f10x.c...
compiling core_cm3.c...
compiling stm32f10x_rcc.c...
compiling misc.c...
compiling stm32f10x_flash.c...
compiling stm32f10x_gpio.c...
compiling stm32f10x_spi.c...
compiling stm32f10x_tim.c...
compiling stm32f10x_usart.c...
compiling stm32f10x_adc.c...
compiling stm32f10x_dma.c...
compiling usb_core.c...
compiling usb_init.c...
compiling usb_int.c...
compiling usb_mem.c...
compiling usb_regs.c...
compiling usb_config.c...
compiling usb_desc.c...
compiling usb_endp.c...
compiling usb_istr.c...
compiling usb_prop.c...
compiling usb_pwr.c...
linking...
Program Size: Code=23684 RO-data=2476 RW-data=2788 ZI-data=2532  
FromELF: creating hex file...
".\build\ANO_USB.axf" - 0 Error(s), 0 Warning(s).
</pre>
</body>
</html>
